Archive member included to satisfy reference by file (symbol)

c:/arm-none-eabi-gcc/bin/../lib/gcc/arm-none-eabi/10.3.1/../../../../arm-none-eabi/lib/thumb/v7e-m+fp/hard\libm.a(lib_a-sf_tanh.o)
                              build/SVMFunctions.o (tanhf)
c:/arm-none-eabi-gcc/bin/../lib/gcc/arm-none-eabi/10.3.1/../../../../arm-none-eabi/lib/thumb/v7e-m+fp/hard\libm.a(lib_a-wf_exp.o)
                              build/FastMathFunctions.o (expf)
c:/arm-none-eabi-gcc/bin/../lib/gcc/arm-none-eabi/10.3.1/../../../../arm-none-eabi/lib/thumb/v7e-m+fp/hard\libm.a(lib_a-wf_log.o)
                              build/BayesFunctions.o (logf)
c:/arm-none-eabi-gcc/bin/../lib/gcc/arm-none-eabi/10.3.1/../../../../arm-none-eabi/lib/thumb/v7e-m+fp/hard\libm.a(lib_a-wf_pow.o)
                              build/DistanceFunctions.o (powf)
c:/arm-none-eabi-gcc/bin/../lib/gcc/arm-none-eabi/10.3.1/../../../../arm-none-eabi/lib/thumb/v7e-m+fp/hard\libm.a(lib_a-wf_sqrt.o)
                              build/ComplexMathFunctions.o (sqrtf)
c:/arm-none-eabi-gcc/bin/../lib/gcc/arm-none-eabi/10.3.1/../../../../arm-none-eabi/lib/thumb/v7e-m+fp/hard\libm.a(lib_a-w_log.o)
                              build/StatisticsFunctions.o (log)
c:/arm-none-eabi-gcc/bin/../lib/gcc/arm-none-eabi/10.3.1/../../../../arm-none-eabi/lib/thumb/v7e-m+fp/hard\libm.a(lib_a-w_sqrt.o)
                              build/MatrixFunctions.o (sqrt)
c:/arm-none-eabi-gcc/bin/../lib/gcc/arm-none-eabi/10.3.1/../../../../arm-none-eabi/lib/thumb/v7e-m+fp/hard\libm.a(lib_a-ef_exp.o)
                              c:/arm-none-eabi-gcc/bin/../lib/gcc/arm-none-eabi/10.3.1/../../../../arm-none-eabi/lib/thumb/v7e-m+fp/hard\libm.a(lib_a-wf_exp.o) (__ieee754_expf)
c:/arm-none-eabi-gcc/bin/../lib/gcc/arm-none-eabi/10.3.1/../../../../arm-none-eabi/lib/thumb/v7e-m+fp/hard\libm.a(lib_a-ef_log.o)
                              c:/arm-none-eabi-gcc/bin/../lib/gcc/arm-none-eabi/10.3.1/../../../../arm-none-eabi/lib/thumb/v7e-m+fp/hard\libm.a(lib_a-wf_log.o) (__ieee754_logf)
c:/arm-none-eabi-gcc/bin/../lib/gcc/arm-none-eabi/10.3.1/../../../../arm-none-eabi/lib/thumb/v7e-m+fp/hard\libm.a(lib_a-ef_pow.o)
                              c:/arm-none-eabi-gcc/bin/../lib/gcc/arm-none-eabi/10.3.1/../../../../arm-none-eabi/lib/thumb/v7e-m+fp/hard\libm.a(lib_a-wf_pow.o) (__ieee754_powf)
c:/arm-none-eabi-gcc/bin/../lib/gcc/arm-none-eabi/10.3.1/../../../../arm-none-eabi/lib/thumb/v7e-m+fp/hard\libm.a(lib_a-ef_sqrt.o)
                              c:/arm-none-eabi-gcc/bin/../lib/gcc/arm-none-eabi/10.3.1/../../../../arm-none-eabi/lib/thumb/v7e-m+fp/hard\libm.a(lib_a-wf_sqrt.o) (__ieee754_sqrtf)
c:/arm-none-eabi-gcc/bin/../lib/gcc/arm-none-eabi/10.3.1/../../../../arm-none-eabi/lib/thumb/v7e-m+fp/hard\libm.a(lib_a-e_log.o)
                              c:/arm-none-eabi-gcc/bin/../lib/gcc/arm-none-eabi/10.3.1/../../../../arm-none-eabi/lib/thumb/v7e-m+fp/hard\libm.a(lib_a-w_log.o) (__ieee754_log)
c:/arm-none-eabi-gcc/bin/../lib/gcc/arm-none-eabi/10.3.1/../../../../arm-none-eabi/lib/thumb/v7e-m+fp/hard\libm.a(lib_a-e_sqrt.o)
                              c:/arm-none-eabi-gcc/bin/../lib/gcc/arm-none-eabi/10.3.1/../../../../arm-none-eabi/lib/thumb/v7e-m+fp/hard\libm.a(lib_a-w_sqrt.o) (__ieee754_sqrt)
c:/arm-none-eabi-gcc/bin/../lib/gcc/arm-none-eabi/10.3.1/../../../../arm-none-eabi/lib/thumb/v7e-m+fp/hard\libm.a(lib_a-math_errf.o)
                              c:/arm-none-eabi-gcc/bin/../lib/gcc/arm-none-eabi/10.3.1/../../../../arm-none-eabi/lib/thumb/v7e-m+fp/hard\libm.a(lib_a-ef_exp.o) (__math_uflowf)
c:/arm-none-eabi-gcc/bin/../lib/gcc/arm-none-eabi/10.3.1/../../../../arm-none-eabi/lib/thumb/v7e-m+fp/hard\libm.a(lib_a-sf_expm1.o)
                              c:/arm-none-eabi-gcc/bin/../lib/gcc/arm-none-eabi/10.3.1/../../../../arm-none-eabi/lib/thumb/v7e-m+fp/hard\libm.a(lib_a-sf_tanh.o) (expm1f)
c:/arm-none-eabi-gcc/bin/../lib/gcc/arm-none-eabi/10.3.1/../../../../arm-none-eabi/lib/thumb/v7e-m+fp/hard\libm.a(lib_a-sf_fabs.o)
                              c:/arm-none-eabi-gcc/bin/../lib/gcc/arm-none-eabi/10.3.1/../../../../arm-none-eabi/lib/thumb/v7e-m+fp/hard\libm.a(lib_a-sf_tanh.o) (fabsf)
c:/arm-none-eabi-gcc/bin/../lib/gcc/arm-none-eabi/10.3.1/../../../../arm-none-eabi/lib/thumb/v7e-m+fp/hard\libm.a(lib_a-sf_finite.o)
                              c:/arm-none-eabi-gcc/bin/../lib/gcc/arm-none-eabi/10.3.1/../../../../arm-none-eabi/lib/thumb/v7e-m+fp/hard\libm.a(lib_a-wf_exp.o) (finitef)
c:/arm-none-eabi-gcc/bin/../lib/gcc/arm-none-eabi/10.3.1/../../../../arm-none-eabi/lib/thumb/v7e-m+fp/hard\libm.a(lib_a-sf_nan.o)
                              c:/arm-none-eabi-gcc/bin/../lib/gcc/arm-none-eabi/10.3.1/../../../../arm-none-eabi/lib/thumb/v7e-m+fp/hard\libm.a(lib_a-wf_log.o) (nanf)
c:/arm-none-eabi-gcc/bin/../lib/gcc/arm-none-eabi/10.3.1/../../../../arm-none-eabi/lib/thumb/v7e-m+fp/hard\libm.a(lib_a-sf_scalbn.o)
[...]
Memory Configuration

Name             Origin             Length             Attributes
RAM              0x20000000         0x00010000         xrw
FLASH            0x08000000         0x00040000         xr
*default*        0x00000000         0xffffffff

Linker script and memory map

LOAD c:/arm-none-eabi-gcc/bin/../lib/gcc/arm-none-eabi/10.3.1/thumb/v7e-m+fp/hard/crti.o
LOAD c:/arm-none-eabi-gcc/bin/../lib/gcc/arm-none-eabi/10.3.1/thumb/v7e-m+fp/hard/crtbegin.o
LOAD c:/arm-none-eabi-gcc/bin/../lib/gcc/arm-none-eabi/10.3.1/../../../../arm-none-eabi/lib/thumb/v7e-m+fp/hard/crt0.o
LOAD build/main.o
LOAD build/user.o
LOAD build/stm32f4xx_hal.o
LOAD build/stm32f4xx_hal_adc.o
LOAD build/stm32f4xx_hal_adc_ex.o
LOAD build/stm32f4xx_hal_cortex.o
LOAD build/stm32f4xx_hal_dma.o
LOAD build/stm32f4xx_hal_dma_ex.o
LOAD build/stm32f4xx_hal_exti.o
LOAD build/stm32f4xx_hal_flash.o
LOAD build/stm32f4xx_hal_flash_ex.o
LOAD build/stm32f4xx_hal_flash_ramfunc.o
LOAD build/stm32f4xx_hal_gpio.o
LOAD build/stm32f4xx_hal_i2c.o
LOAD build/stm32f4xx_hal_i2c_ex.o
LOAD build/stm32f4xx_hal_pcd.o
LOAD build/stm32f4xx_hal_pcd_ex.o
LOAD build/stm32f4xx_hal_pwr.o
LOAD build/stm32f4xx_hal_pwr_ex.o
LOAD build/stm32f4xx_hal_rcc.o
LOAD build/stm32f4xx_hal_rcc_ex.o
LOAD build/stm32f4xx_hal_rtc.o
LOAD build/stm32f4xx_hal_rtc_ex.o
LOAD build/stm32f4xx_hal_spi.o
LOAD build/stm32f4xx_hal_tim.o
LOAD build/stm32f4xx_hal_tim_ex.o
LOAD build/stm32f4xx_hal_uart.o
LOAD build/stm32f4xx_ll_adc.o
LOAD build/stm32f4xx_ll_exti.o
LOAD build/stm32f4xx_ll_gpio.o
LOAD build/stm32f4xx_ll_rcc.o
LOAD build/stm32f4xx_ll_usb.o
LOAD build/stm32f4xx_ll_utils.o
LOAD build/usbd_cdc.o
LOAD build/usbd_core.o
LOAD build/usbd_ctlreq.o
LOAD build/usbd_ioreq.o
LOAD build/BasicMathFunctions.o
LOAD build/BasicMathFunctionsF16.o
LOAD build/BayesFunctions.o
LOAD build/BayesFunctionsF16.o
LOAD build/CommonTables.o
LOAD build/CommonTablesF16.o
LOAD build/ComplexMathFunctions.o
LOAD build/ComplexMathFunctionsF16.o
LOAD build/ControllerFunctions.o
LOAD build/DistanceFunctions.o
LOAD build/DistanceFunctionsF16.o
LOAD build/FastMathFunctions.o
LOAD build/FastMathFunctionsF16.o
LOAD build/FilteringFunctions.o
LOAD build/FilteringFunctionsF16.o
LOAD build/InterpolationFunctions.o
LOAD build/InterpolationFunctionsF16.o
LOAD build/MatrixFunctions.o
LOAD build/MatrixFunctionsF16.o
LOAD build/QuaternionMathFunctions.o
LOAD build/SVMFunctions.o
LOAD build/SVMFunctionsF16.o
LOAD build/StatisticsFunctions.o
LOAD build/StatisticsFunctionsF16.o
LOAD build/SupportFunctions.o
LOAD build/SupportFunctionsF16.o
LOAD build/TransformFunctions.o
LOAD build/TransformFunctionsF16.o
LOAD build/stm32f4xx_hal_msp.o
LOAD build/stm32f4xx_it.o
LOAD build/system_stm32f4xx.o
LOAD build/usb_device.o
LOAD build/usbd_cdc_if.o
LOAD build/usbd_conf.o
LOAD build/usbd_desc.o
LOAD build/startup_stm32f401xc.o
LOAD c:/arm-none-eabi-gcc/bin/../lib/gcc/arm-none-eabi/10.3.1/../../../../arm-none-eabi/lib/thumb/v7e-m+fp/hard\libnosys.a
LOAD c:/arm-none-eabi-gcc/bin/../lib/gcc/arm-none-eabi/10.3.1/../../../../arm-none-eabi/lib/thumb/v7e-m+fp/hard\libstdc++.a
LOAD c:/arm-none-eabi-gcc/bin/../lib/gcc/arm-none-eabi/10.3.1/../../../../arm-none-eabi/lib/thumb/v7e-m+fp/hard\libm.a
LOAD c:/arm-none-eabi-gcc/bin/../lib/gcc/arm-none-eabi/10.3.1/../../../../arm-none-eabi/lib/thumb/v7e-m+fp/hard\libc.a
START GROUP
LOAD c:/arm-none-eabi-gcc/bin/../lib/gcc/arm-none-eabi/10.3.1/thumb/v7e-m+fp/hard\libgcc.a
LOAD c:/arm-none-eabi-gcc/bin/../lib/gcc/arm-none-eabi/10.3.1/../../../../arm-none-eabi/lib/thumb/v7e-m+fp/hard\libc.a
END GROUP
START GROUP
LOAD c:/arm-none-eabi-gcc/bin/../lib/gcc/arm-none-eabi/10.3.1/thumb/v7e-m+fp/hard\libgcc.a
LOAD c:/arm-none-eabi-gcc/bin/../lib/gcc/arm-none-eabi/10.3.1/../../../../arm-none-eabi/lib/thumb/v7e-m+fp/hard\libc.a
LOAD c:/arm-none-eabi-gcc/bin/../lib/gcc/arm-none-eabi/10.3.1/../../../../arm-none-eabi/lib/thumb/v7e-m+fp/hard\libnosys.a
END GROUP
LOAD c:/arm-none-eabi-gcc/bin/../lib/gcc/arm-none-eabi/10.3.1/thumb/v7e-m+fp/hard/crtend.o
LOAD c:/arm-none-eabi-gcc/bin/../lib/gcc/arm-none-eabi/10.3.1/thumb/v7e-m+fp/hard/crtn.o
                0x20010000                _estack = 0x20010000
                0x00000200                _Min_Heap_Size = 0x200
                0x00000400                _Min_Stack_Size = 0x400

.isr_vector     0x08000000      0x194
                0x08000000                . = ALIGN (0x4)
 *(.isr_vector)
 .isr_vector    0x08000000      0x194 build/startup_stm32f401xc.o
                0x08000000                g_pfnVectors
                0x08000194                . = ALIGN (0x4)

.text           0x08000194     0x72ac
                0x08000194                . = ALIGN (0x4)
 *(.text)
 .text          0x08000194      0x134 c:/arm-none-eabi-gcc/bin/../lib/gcc/arm-none-eabi/10.3.1/../../../../arm-none-eabi/lib/thumb/v7e-m+fp/hard\libc.a(lib_a-memcpy.o)
                0x08000194                memcpy
 .text          0x080002c8       0x30 c:/arm-none-eabi-gcc/bin/../lib/gcc/arm-none-eabi/10.3.1/thumb/v7e-m+fp/hard\libgcc.a(_aeabi_uldivmod.o)
                0x080002c8                __aeabi_uldivmod
 .text          0x080002f8      0x1ac c:/arm-none-eabi-gcc/bin/../lib/gcc/arm-none-eabi/10.3.1/thumb/v7e-m+fp/hard\libgcc.a(libunwind.o)
                0x080002f8                __restore_core_regs
                0x080002f8                restore_core_regs
                0x08000310                __gnu_Unwind_Restore_VFP
                0x08000318                __gnu_Unwind_Save_VFP
                0x08000320                __gnu_Unwind_Restore_VFP_D
                0x08000328                __gnu_Unwind_Save_VFP_D
                0x08000330                __gnu_Unwind_Restore_VFP_D_16_to_31
                0x08000338                __gnu_Unwind_Save_VFP_D_16_to_31
                0x08000340                __gnu_Unwind_Restore_WMMXD
                0x08000384                __gnu_Unwind_Save_WMMXD
                0x080003c8                __gnu_Unwind_Restore_WMMXC
                0x080003dc                __gnu_Unwind_Save_WMMXC
                0x080003f0                ___Unwind_RaiseException
                0x080003f0                _Unwind_RaiseException
                0x08000414                _Unwind_Resume
                0x08000414                ___Unwind_Resume
                0x08000438                _Unwind_Resume_or_Rethrow
                0x08000438                ___Unwind_Resume_or_Rethrow
                0x0800045c                _Unwind_ForcedUnwind
                0x0800045c                ___Unwind_ForcedUnwind
                0x08000480                ___Unwind_Backtrace
                0x08000480                _Unwind_Backtrace
 .text          0x080004a4        0x4 c:/arm-none-eabi-gcc/bin/../lib/gcc/arm-none-eabi/10.3.1/thumb/v7e-m+fp/hard\libgcc.a(_dvmd_tls.o)
                0x080004a4                __aeabi_idiv0
                0x080004a4                __aeabi_ldiv0
 *(.text*)
 .text.__do_global_dtors_aux
                0x080004a8       0x24 c:/arm-none-eabi-gcc/bin/../lib/gcc/arm-none-eabi/10.3.1/thumb/v7e-m+fp/hard/crtbegin.o
 .text.frame_dummy
                0x080004cc       0x1c c:/arm-none-eabi-gcc/bin/../lib/gcc/arm-none-eabi/10.3.1/thumb/v7e-m+fp/hard/crtbegin.o
 .text._ZL12MX_GPIO_Initv
                0x080004e8       0xe8 build/main.o
 .text._ZL11MX_DMA_Initv
                0x080005d0       0xa8 build/main.o
 .text.Error_Handler
                0x08000678        0x4 build/main.o
                0x08000678                Error_Handler
 .text._ZL12MX_ADC1_Initv
                0x0800067c      0x114 build/main.o
 .text._ZL12MX_I2C1_Initv
                0x08000790       0x38 build/main.o
 .text._ZL12MX_SPI1_Initv
                0x080007c8       0x40 build/main.o
 .text._ZL12MX_TIM1_Initv
                0x08000808       0x94 build/main.o
 .text._ZL12MX_TIM3_Initv
                0x0800089c       0x6c build/main.o
 .text._ZL12MX_TIM9_Initv
                0x08000908       0x8c build/main.o
 .text._ZL13MX_TIM10_Initv
                0x08000994       0x70 build/main.o
 .text._ZL13MX_TIM11_Initv
                0x08000a04       0x70 build/main.o
 .text._ZL11MX_RTC_Initv
                0x08000a74       0xc8 build/main.o
 .text._ZL19MX_USART1_UART_Initv
                0x08000b3c       0x38 build/main.o
 .text._Z18SystemClock_Configv
                0x08000b74       0xd4 build/main.o
                0x08000b74                SystemClock_Config()
 .text.main     0x08000c48       0x48 build/main.o
                0x08000c48                main
 .text._Z10user_setupv
                0x08000c90       0x2c build/user.o
                0x08000c90                user_setup()
 .text._Z9user_mainv
                0x08000cbc       0x28 build/user.o
                0x08000cbc                user_main()
 .text.user_cdc_receive
                0x08000ce4       0x40 build/user.o
                0x08000ce4                user_cdc_receive
 .text.HAL_InitTick
                0x08000d24       0x4c build/stm32f4xx_hal.o
                0x08000d24                HAL_InitTick
 .text.HAL_Init
                0x08000d70       0x34 build/stm32f4xx_hal.o
                0x08000d70                HAL_Init
 .text.HAL_IncTick
                0x08000da4       0x18 build/stm32f4xx_hal.o
                0x08000da4                HAL_IncTick
 .text.HAL_GetTick
                0x08000dbc        0xc build/stm32f4xx_hal.o
                0x08000dbc                HAL_GetTick
 .text.HAL_Delay
                0x08000dc8       0x28 build/stm32f4xx_hal.o
                0x08000dc8                HAL_Delay
 .text.ADC_Init
                0x08000df0      0x134 build/stm32f4xx_hal_adc.o
 .text.HAL_ADC_Init
                0x08000f24       0x56 build/stm32f4xx_hal_adc.o
                0x08000f24                HAL_ADC_Init
 *fill*         0x08000f7a        0x2 
 .text.HAL_ADC_ConfigChannel
                0x08000f7c      0x198 build/stm32f4xx_hal_adc.o
                0x08000f7c                HAL_ADC_ConfigChannel
 .text.HAL_NVIC_SetPriorityGrouping
                0x08001114       0x24 build/stm32f4xx_hal_cortex.o
                0x08001114                HAL_NVIC_SetPriorityGrouping
 .text.HAL_NVIC_SetPriority
                0x08001138       0x70 build/stm32f4xx_hal_cortex.o
                0x08001138                HAL_NVIC_SetPriority
 .text.HAL_NVIC_EnableIRQ
                0x080011a8       0x1c build/stm32f4xx_hal_cortex.o
                0x080011a8                HAL_NVIC_EnableIRQ
 .text.HAL_SYSTICK_Config
                0x080011c4       0x28 build/stm32f4xx_hal_cortex.o
                0x080011c4                HAL_SYSTICK_Config
 .text.DMA_CalcBaseAndBitshift
                0x080011ec       0x44 build/stm32f4xx_hal_dma.o
 .text.DMA_CheckFifoParam
                0x08001230       0x8e build/stm32f4xx_hal_dma.o
 *fill*         0x080012be        0x2 
 .text.HAL_DMA_Init
                0x080012c0       0xcc build/stm32f4xx_hal_dma.o
                0x080012c0                HAL_DMA_Init
 .text.HAL_DMA_IRQHandler
                0x0800138c      0x1dc build/stm32f4xx_hal_dma.o
                0x0800138c                HAL_DMA_IRQHandler
 .text.HAL_GPIO_Init
                0x08001568      0x1c0 build/stm32f4xx_hal_gpio.o
                0x08001568                HAL_GPIO_Init
 .text.HAL_I2C_Init
                0x08001728      0x1bc build/stm32f4xx_hal_i2c.o
                0x08001728                HAL_I2C_Init
 .text.PCD_WriteEmptyTxFifo
                0x080018e4       0xd0 build/stm32f4xx_hal_pcd.o
 .text.HAL_PCD_Init
                0x080019b4      0x12e build/stm32f4xx_hal_pcd.o
                0x080019b4                HAL_PCD_Init
 .text.HAL_PCD_Start
                0x08001ae2       0x42 build/stm32f4xx_hal_pcd.o
                0x08001ae2                HAL_PCD_Start
 .text.PCD_EP_OutXfrComplete_int
                0x08001b24       0xf4 build/stm32f4xx_hal_pcd.o
 .text.PCD_EP_OutSetupPacket_int
                0x08001c18       0x50 build/stm32f4xx_hal_pcd.o
 .text.HAL_PCD_IRQHandler
                0x08001c68      0x476 build/stm32f4xx_hal_pcd.o
                0x08001c68                HAL_PCD_IRQHandler
 .text.HAL_PCD_SetAddress
                0x080020de       0x28 build/stm32f4xx_hal_pcd.o
                0x080020de                HAL_PCD_SetAddress
 .text.HAL_PCD_EP_Open
                0x08002106       0x8a build/stm32f4xx_hal_pcd.o
                0x08002106                HAL_PCD_EP_Open
 .text.HAL_PCD_EP_Close
                0x08002190       0x72 build/stm32f4xx_hal_pcd.o
                0x08002190                HAL_PCD_EP_Close
 .text.HAL_PCD_EP_Receive
                0x08002202       0x5e build/stm32f4xx_hal_pcd.o
                0x08002202                HAL_PCD_EP_Receive
 .text.HAL_PCD_EP_GetRxCount
                0x08002260       0x12 build/stm32f4xx_hal_pcd.o
                0x08002260                HAL_PCD_EP_GetRxCount
 .text.HAL_PCD_EP_Transmit
                0x08002272       0x5e build/stm32f4xx_hal_pcd.o
                0x08002272                HAL_PCD_EP_Transmit
 .text.HAL_PCD_EP_SetStall
                0x080022d0       0x88 build/stm32f4xx_hal_pcd.o
                0x080022d0                HAL_PCD_EP_SetStall
 .text.HAL_PCD_EP_ClrStall
                0x08002358       0x76 build/stm32f4xx_hal_pcd.o
                0x08002358                HAL_PCD_EP_ClrStall
 .text.HAL_PCDEx_SetTxFiFo
                0x080023ce       0x4c build/stm32f4xx_hal_pcd_ex.o
                0x080023ce                HAL_PCDEx_SetTxFiFo
 .text.HAL_PCDEx_SetRxFiFo
                0x0800241a        0x8 build/stm32f4xx_hal_pcd_ex.o
                0x0800241a                HAL_PCDEx_SetRxFiFo
 .text.HAL_PCDEx_LPM_Callback
                0x08002422        0x2 build/stm32f4xx_hal_pcd_ex.o
                0x08002422                HAL_PCDEx_LPM_Callback
 .text.HAL_RCC_OscConfig
                0x08002424      0x3f4 build/stm32f4xx_hal_rcc.o
                0x08002424                HAL_RCC_OscConfig
 .text.HAL_RCC_EnableCSS
                0x08002818        0xc build/stm32f4xx_hal_rcc.o
                0x08002818                HAL_RCC_EnableCSS
 .text.HAL_RCC_GetSysClockFreq
                0x08002824       0xa4 build/stm32f4xx_hal_rcc.o
                0x08002824                HAL_RCC_GetSysClockFreq
 .text.HAL_RCC_ClockConfig
                0x080028c8      0x160 build/stm32f4xx_hal_rcc.o
                0x080028c8                HAL_RCC_ClockConfig
 .text.HAL_RCC_GetHCLKFreq
                0x08002a28        0xc build/stm32f4xx_hal_rcc.o
                0x08002a28                HAL_RCC_GetHCLKFreq
 .text.HAL_RCC_GetPCLK1Freq
                0x08002a34       0x20 build/stm32f4xx_hal_rcc.o
                0x08002a34                HAL_RCC_GetPCLK1Freq
 .text.HAL_RCC_GetPCLK2Freq
                0x08002a54       0x20 build/stm32f4xx_hal_rcc.o
                0x08002a54                HAL_RCC_GetPCLK2Freq
 .text.HAL_RCC_CSSCallback
                0x08002a74        0x2 build/stm32f4xx_hal_rcc.o
                0x08002a74                HAL_RCC_CSSCallback
 *fill*         0x08002a76        0x2 
 .text.HAL_RCC_NMI_IRQHandler
                0x08002a78       0x20 build/stm32f4xx_hal_rcc.o
                0x08002a78                HAL_RCC_NMI_IRQHandler
 .text.HAL_RCCEx_PeriphCLKConfig
                0x08002a98      0x16c build/stm32f4xx_hal_rcc_ex.o
                0x08002a98                HAL_RCCEx_PeriphCLKConfig
 .text.HAL_RTC_AlarmAEventCallback
                0x08002c04        0x2 build/stm32f4xx_hal_rtc.o
                0x08002c04                HAL_RTC_AlarmAEventCallback
 *fill*         0x08002c06        0x2 
 .text.HAL_RTC_AlarmIRQHandler
                0x08002c08       0x60 build/stm32f4xx_hal_rtc.o
                0x08002c08                HAL_RTC_AlarmIRQHandler
 .text.HAL_RTC_WaitForSynchro
                0x08002c68       0x32 build/stm32f4xx_hal_rtc.o
                0x08002c68                HAL_RTC_WaitForSynchro
 .text.RTC_EnterInitMode
                0x08002c9a       0x3c build/stm32f4xx_hal_rtc.o
                0x08002c9a                RTC_EnterInitMode
 .text.HAL_RTC_Init
                0x08002cd6       0xc4 build/stm32f4xx_hal_rtc.o
                0x08002cd6                HAL_RTC_Init
 .text.RTC_ByteToBcd2
                0x08002d9a       0x16 build/stm32f4xx_hal_rtc.o
                0x08002d9a                RTC_ByteToBcd2
 .text.HAL_RTC_SetTime
                0x08002db0       0xfe build/stm32f4xx_hal_rtc.o
                0x08002db0                HAL_RTC_SetTime
 .text.HAL_RTC_SetDate
                0x08002eae       0xda build/stm32f4xx_hal_rtc.o
                0x08002eae                HAL_RTC_SetDate
 .text.HAL_RTC_SetAlarm_IT
                0x08002f88      0x1a0 build/stm32f4xx_hal_rtc.o
                0x08002f88                HAL_RTC_SetAlarm_IT
 .text.HAL_RTCEx_AlarmBEventCallback
                0x08003128        0x2 build/stm32f4xx_hal_rtc_ex.o
                0x08003128                HAL_RTCEx_AlarmBEventCallback
 .text.HAL_SPI_Init
                0x0800312a       0xbe build/stm32f4xx_hal_spi.o
                0x0800312a                HAL_SPI_Init
 .text.TIM_OC1_SetConfig
                0x080031e8       0x5c build/stm32f4xx_hal_tim.o
 .text.TIM_OC3_SetConfig
                0x08003244       0x64 build/stm32f4xx_hal_tim.o
 .text.TIM_OC4_SetConfig
                0x080032a8       0x48 build/stm32f4xx_hal_tim.o
 .text.TIM_TI1_ConfigInputStage
                0x080032f0       0x26 build/stm32f4xx_hal_tim.o
 .text.TIM_TI2_ConfigInputStage
                0x08003316       0x28 build/stm32f4xx_hal_tim.o
 .text.TIM_ITRx_SetConfig
                0x0800333e       0x10 build/stm32f4xx_hal_tim.o
 .text.HAL_TIM_PWM_MspInit
                0x0800334e        0x2 build/stm32f4xx_hal_tim.o
                0x0800334e                HAL_TIM_PWM_MspInit
 .text.HAL_TIM_PeriodElapsedCallback
                0x08003350        0x2 build/stm32f4xx_hal_tim.o
                0x08003350                HAL_TIM_PeriodElapsedCallback
 .text.HAL_TIM_OC_DelayElapsedCallback
                0x08003352        0x2 build/stm32f4xx_hal_tim.o
                0x08003352                HAL_TIM_OC_DelayElapsedCallback
 .text.HAL_TIM_IC_CaptureCallback
                0x08003354        0x2 build/stm32f4xx_hal_tim.o
                0x08003354                HAL_TIM_IC_CaptureCallback
 .text.HAL_TIM_PWM_PulseFinishedCallback
                0x08003356        0x2 build/stm32f4xx_hal_tim.o
                0x08003356                HAL_TIM_PWM_PulseFinishedCallback
 .text.HAL_TIM_TriggerCallback
                0x08003358        0x2 build/stm32f4xx_hal_tim.o
                0x08003358                HAL_TIM_TriggerCallback
 .text.HAL_TIM_IRQHandler
                0x0800335a      0x17a build/stm32f4xx_hal_tim.o
                0x0800335a                HAL_TIM_IRQHandler
 .text.TIM_Base_SetConfig
                0x080034d4       0x9c build/stm32f4xx_hal_tim.o
                0x080034d4                TIM_Base_SetConfig
 .text.HAL_TIM_Base_Init
                0x08003570       0x58 build/stm32f4xx_hal_tim.o
                0x08003570                HAL_TIM_Base_Init
 .text.HAL_TIM_PWM_Init
                0x080035c8       0x58 build/stm32f4xx_hal_tim.o
                0x080035c8                HAL_TIM_PWM_Init
 .text.TIM_OC2_SetConfig
                0x08003620       0x64 build/stm32f4xx_hal_tim.o
                0x08003620                TIM_OC2_SetConfig
 .text.HAL_TIM_PWM_ConfigChannel
                0x08003684       0xd0 build/stm32f4xx_hal_tim.o
                0x08003684                HAL_TIM_PWM_ConfigChannel
 .text.TIM_ETR_SetConfig
                0x08003754       0x1a build/stm32f4xx_hal_tim.o
                0x08003754                TIM_ETR_SetConfig
 .text.HAL_TIM_ConfigClockSource
                0x0800376e       0xda build/stm32f4xx_hal_tim.o
                0x0800376e                HAL_TIM_ConfigClockSource
 .text.TIM_SlaveTimer_SetConfig
                0x08003848       0x8e build/stm32f4xx_hal_tim.o
 .text.HAL_TIM_SlaveConfigSynchro
                0x080038d6       0x52 build/stm32f4xx_hal_tim.o
                0x080038d6                HAL_TIM_SlaveConfigSynchro
 .text.HAL_TIMEx_MasterConfigSynchronization
                0x08003928       0x7c build/stm32f4xx_hal_tim_ex.o
                0x08003928                HAL_TIMEx_MasterConfigSynchronization
 .text.HAL_TIMEx_CommutCallback
                0x080039a4        0x2 build/stm32f4xx_hal_tim_ex.o
                0x080039a4                HAL_TIMEx_CommutCallback
 .text.HAL_TIMEx_BreakCallback
                0x080039a6        0x2 build/stm32f4xx_hal_tim_ex.o
                0x080039a6                HAL_TIMEx_BreakCallback
 .text.UART_SetConfig
                0x080039a8      0x110 build/stm32f4xx_hal_uart.o
 .text.HAL_UART_Init
                0x08003ab8       0x5e build/stm32f4xx_hal_uart.o
                0x08003ab8                HAL_UART_Init
 .text.LL_GPIO_Init
                0x08003b16      0x150 build/stm32f4xx_ll_gpio.o
                0x08003b16                LL_GPIO_Init
 *fill*         0x08003c66        0x2 
 .text.USB_CoreReset
                0x08003c68       0x3c build/stm32f4xx_ll_usb.o
 .text.USB_CoreInit
                0x08003ca4       0x8a build/stm32f4xx_ll_usb.o
                0x08003ca4                USB_CoreInit
 *fill*         0x08003d2e        0x2 
 .text.USB_SetTurnaroundTime
                0x08003d30       0xe4 build/stm32f4xx_ll_usb.o
                0x08003d30                USB_SetTurnaroundTime
 .text.USB_EnableGlobalInt
                0x08003e14        0xc build/stm32f4xx_ll_usb.o
                0x08003e14                USB_EnableGlobalInt
 .text.USB_DisableGlobalInt
                0x08003e20        0xc build/stm32f4xx_ll_usb.o
                0x08003e20                USB_DisableGlobalInt
 .text.USB_SetCurrentMode
                0x08003e2c       0x30 build/stm32f4xx_ll_usb.o
                0x08003e2c                USB_SetCurrentMode
 .text.USB_FlushTxFifo
                0x08003e5c       0x28 build/stm32f4xx_ll_usb.o
                0x08003e5c                USB_FlushTxFifo
 .text.USB_FlushRxFifo
                0x08003e84       0x24 build/stm32f4xx_ll_usb.o
                0x08003e84                USB_FlushRxFifo
 .text.USB_SetDevSpeed
                0x08003ea8        0xe build/stm32f4xx_ll_usb.o
                0x08003ea8                USB_SetDevSpeed
 *fill*         0x08003eb6        0x2 
 .text.USB_DevInit
                0x08003eb8      0x190 build/stm32f4xx_ll_usb.o
                0x08003eb8                USB_DevInit
 .text.USB_GetDevSpeed
                0x08004048       0x22 build/stm32f4xx_ll_usb.o
                0x08004048                USB_GetDevSpeed
 .text.USB_ActivateEndpoint
                0x0800406a       0x9c build/stm32f4xx_ll_usb.o
                0x0800406a                USB_ActivateEndpoint
 *fill*         0x08004106        0x2 
 .text.USB_DeactivateEndpoint
                0x08004108       0xe0 build/stm32f4xx_ll_usb.o
                0x08004108                USB_DeactivateEndpoint
 .text.USB_EP0StartXfer
                0x080041e8      0x120 build/stm32f4xx_ll_usb.o
                0x080041e8                USB_EP0StartXfer
 .text.USB_WritePacket
                0x08004308       0x2e build/stm32f4xx_ll_usb.o
                0x08004308                USB_WritePacket
 *fill*         0x08004336        0x2 
 .text.USB_EPStartXfer
                0x08004338      0x238 build/stm32f4xx_ll_usb.o
                0x08004338                USB_EPStartXfer
 .text.USB_ReadPacket
                0x08004570       0x1e build/stm32f4xx_ll_usb.o
                0x08004570                USB_ReadPacket
 .text.USB_EPSetStall
                0x0800458e       0x5a build/stm32f4xx_ll_usb.o
                0x0800458e                USB_EPSetStall
 .text.USB_EPClearStall
                0x080045e8       0x5c build/stm32f4xx_ll_usb.o
                0x080045e8                USB_EPClearStall
 .text.USB_SetDevAddress
                0x08004644       0x20 build/stm32f4xx_ll_usb.o
                0x08004644                USB_SetDevAddress
 .text.USB_DevConnect
                0x08004664       0x1c build/stm32f4xx_ll_usb.o
                0x08004664                USB_DevConnect
 .text.USB_DevDisconnect
                0x08004680       0x1c build/stm32f4xx_ll_usb.o
                0x08004680                USB_DevDisconnect
 .text.USB_ReadInterrupts
                0x0800469c        0x8 build/stm32f4xx_ll_usb.o
                0x0800469c                USB_ReadInterrupts
 .text.USB_ReadDevAllOutEpInterrupt
                0x080046a4       0x10 build/stm32f4xx_ll_usb.o
                0x080046a4                USB_ReadDevAllOutEpInterrupt
 .text.USB_ReadDevAllInEpInterrupt
                0x080046b4       0x10 build/stm32f4xx_ll_usb.o
                0x080046b4                USB_ReadDevAllInEpInterrupt
 .text.USB_ReadDevOutEPInterrupt
                0x080046c4       0x12 build/stm32f4xx_ll_usb.o
                0x080046c4                USB_ReadDevOutEPInterrupt
 .text.USB_ReadDevInEPInterrupt
                0x080046d6       0x28 build/stm32f4xx_ll_usb.o
                0x080046d6                USB_ReadDevInEPInterrupt
 .text.USB_GetMode
                0x080046fe        0x8 build/stm32f4xx_ll_usb.o
                0x080046fe                USB_GetMode
 .text.USB_ActivateSetup
                0x08004706       0x20 build/stm32f4xx_ll_usb.o
                0x08004706                USB_ActivateSetup
 *fill*         0x08004726        0x2 
 .text.USB_EP0_OutStart
                0x08004728       0x60 build/stm32f4xx_ll_usb.o
                0x08004728                USB_EP0_OutStart
 .text.LL_mDelay
                0x08004788       0x2a build/stm32f4xx_ll_utils.o
                0x08004788                LL_mDelay
 .text.USBD_CDC_EP0_RxReady
                0x080047b2       0x36 build/usbd_cdc.o
 .text.USBD_CDC_GetFSCfgDesc
                0x080047e8        0xc build/usbd_cdc.o
 .text.USBD_CDC_GetHSCfgDesc
                0x080047f4        0xc build/usbd_cdc.o
 .text.USBD_CDC_GetOtherSpeedCfgDesc
                0x08004800        0xc build/usbd_cdc.o
 .text.USBD_CDC_GetDeviceQualifierDescriptor
                0x0800480c        0xc build/usbd_cdc.o
                0x0800480c                USBD_CDC_GetDeviceQualifierDescriptor
 .text.USBD_CDC_DataOut
                0x08004818       0x2a build/usbd_cdc.o
 .text.USBD_CDC_DataIn
                0x08004842       0x6a build/usbd_cdc.o
 .text.USBD_CDC_Setup
                0x080048ac       0xf4 build/usbd_cdc.o
 .text.USBD_CDC_DeInit
                0x080049a0       0x48 build/usbd_cdc.o
 .text.USBD_CDC_Init
                0x080049e8       0xc2 build/usbd_cdc.o
 .text.USBD_CDC_RegisterInterface
                0x08004aaa        0xe build/usbd_cdc.o
                0x08004aaa                USBD_CDC_RegisterInterface
 .text.USBD_CDC_SetTxBuffer
                0x08004ab8       0x16 build/usbd_cdc.o
                0x08004ab8                USBD_CDC_SetTxBuffer
 .text.USBD_CDC_SetRxBuffer
                0x08004ace       0x12 build/usbd_cdc.o
                0x08004ace                USBD_CDC_SetRxBuffer
 .text.USBD_CDC_TransmitPacket
                0x08004ae0       0x34 build/usbd_cdc.o
                0x08004ae0                USBD_CDC_TransmitPacket
 .text.USBD_CDC_ReceivePacket
                0x08004b14       0x32 build/usbd_cdc.o
                0x08004b14                USBD_CDC_ReceivePacket
 .text.USBD_Init
                0x08004b46       0x2e build/usbd_core.o
                0x08004b46                USBD_Init
 .text.USBD_RegisterClass
                0x08004b74       0x2e build/usbd_core.o
                0x08004b74                USBD_RegisterClass
 .text.USBD_Start
                0x08004ba2        0x8 build/usbd_core.o
                0x08004ba2                USBD_Start
 .text.USBD_SetClassConfig
                0x08004baa       0x12 build/usbd_core.o
                0x08004baa                USBD_SetClassConfig
 .text.USBD_ClrClassConfig
                0x08004bbc       0x10 build/usbd_core.o
                0x08004bbc                USBD_ClrClassConfig
 .text.USBD_LL_SetupStage
                0x08004bcc       0x58 build/usbd_core.o
                0x08004bcc                USBD_LL_SetupStage
 .text.USBD_LL_DataOutStage
                0x08004c24       0x78 build/usbd_core.o
                0x08004c24                USBD_LL_DataOutStage
 .text.USBD_LL_DataInStage
                0x08004c9c       0xbe build/usbd_core.o
                0x08004c9c                USBD_LL_DataInStage
 .text.USBD_LL_Reset
                0x08004d5a       0x5a build/usbd_core.o
                0x08004d5a                USBD_LL_Reset
 .text.USBD_LL_SetSpeed
                0x08004db4        0x6 build/usbd_core.o
                0x08004db4                USBD_LL_SetSpeed
 .text.USBD_LL_Suspend
                0x08004dba       0x14 build/usbd_core.o
                0x08004dba                USBD_LL_Suspend
 .text.USBD_LL_Resume
                0x08004dce       0x1a build/usbd_core.o
                0x08004dce                USBD_LL_Resume
 .text.USBD_LL_SOF
                0x08004de8       0x28 build/usbd_core.o
                0x08004de8                USBD_LL_SOF
 .text.USBD_LL_IsoINIncomplete
                0x08004e10       0x28 build/usbd_core.o
                0x08004e10                USBD_LL_IsoINIncomplete
 .text.USBD_LL_IsoOUTIncomplete
                0x08004e38       0x28 build/usbd_core.o
                0x08004e38                USBD_LL_IsoOUTIncomplete
 .text.USBD_LL_DevConnected
                0x08004e60        0x4 build/usbd_core.o
                0x08004e60                USBD_LL_DevConnected
 .text.USBD_LL_DevDisconnected
                0x08004e64       0x18 build/usbd_core.o
                0x08004e64                USBD_LL_DevDisconnected
 .text.USBD_GetLen
                0x08004e7c       0x14 build/usbd_ctlreq.o
 .text.USBD_SetFeature
                0x08004e90       0x14 build/usbd_ctlreq.o
 .text.USBD_ParseSetupRequest
                0x08004ea4       0x28 build/usbd_ctlreq.o
                0x08004ea4                USBD_ParseSetupRequest
 .text.USBD_CtlError
                0x08004ecc       0x14 build/usbd_ctlreq.o
                0x08004ecc                USBD_CtlError
 .text.USBD_GetDescriptor
                0x08004ee0      0x18a build/usbd_ctlreq.o
 .text.USBD_SetAddress
                0x0800506a       0x50 build/usbd_ctlreq.o
 *fill*         0x080050ba        0x2 
 .text.USBD_SetConfig
                0x080050bc       0xc8 build/usbd_ctlreq.o
 .text.USBD_GetConfig
                0x08005184       0x40 build/usbd_ctlreq.o
 .text.USBD_GetStatus
                0x080051c4       0x38 build/usbd_ctlreq.o
 .text.USBD_ClrFeature
                0x080051fc       0x26 build/usbd_ctlreq.o
 .text.USBD_StdDevReq
                0x08005222       0x70 build/usbd_ctlreq.o
                0x08005222                USBD_StdDevReq
 .text.USBD_StdItfReq
                0x08005292       0x68 build/usbd_ctlreq.o
                0x08005292                USBD_StdItfReq
 .text.USBD_StdEPReq
                0x080052fa      0x1ec build/usbd_ctlreq.o
                0x080052fa                USBD_StdEPReq
 .text.USBD_GetString
                0x080054e6       0x3a build/usbd_ctlreq.o
                0x080054e6                USBD_GetString
 .text.USBD_CtlSendData
                0x08005520       0x1a build/usbd_ioreq.o
                0x08005520                USBD_CtlSendData
 .text.USBD_CtlContinueSendData
                0x0800553a       0x10 build/usbd_ioreq.o
                0x0800553a                USBD_CtlContinueSendData
 .text.USBD_CtlPrepareRx
                0x0800554a       0x1e build/usbd_ioreq.o
                0x0800554a                USBD_CtlPrepareRx
 .text.USBD_CtlContinueRx
                0x08005568       0x10 build/usbd_ioreq.o
                0x08005568                USBD_CtlContinueRx
 .text.USBD_CtlSendStatus
                0x08005578       0x16 build/usbd_ioreq.o
                0x08005578                USBD_CtlSendStatus
 .text.USBD_CtlReceiveStatus
                0x0800558e       0x16 build/usbd_ioreq.o
                0x0800558e                USBD_CtlReceiveStatus
 .text.HAL_MspInit
                0x080055a4       0x38 build/stm32f4xx_hal_msp.o
                0x080055a4                HAL_MspInit
 .text.HAL_ADC_MspInit
                0x080055dc       0xe0 build/stm32f4xx_hal_msp.o
                0x080055dc                HAL_ADC_MspInit
 .text.HAL_I2C_MspInit
                0x080056bc       0xfc build/stm32f4xx_hal_msp.o
                0x080056bc                HAL_I2C_MspInit
 .text.HAL_RTC_MspInit
                0x080057b8       0x30 build/stm32f4xx_hal_msp.o
                0x080057b8                HAL_RTC_MspInit
 .text.HAL_SPI_MspInit
                0x080057e8       0xfc build/stm32f4xx_hal_msp.o
                0x080057e8                HAL_SPI_MspInit
 .text.HAL_TIM_Base_MspInit
                0x080058e4      0x128 build/stm32f4xx_hal_msp.o
                0x080058e4                HAL_TIM_Base_MspInit
 .text.HAL_TIM_MspPostInit
                0x08005a0c       0xd0 build/stm32f4xx_hal_msp.o
                0x08005a0c                HAL_TIM_MspPostInit
 .text.HAL_UART_MspInit
                0x08005adc      0x100 build/stm32f4xx_hal_msp.o
                0x08005adc                HAL_UART_MspInit
 .text.NMI_Handler
                0x08005bdc        0x8 build/stm32f4xx_it.o
                0x08005bdc                NMI_Handler
 .text.HardFault_Handler
                0x08005be4        0x2 build/stm32f4xx_it.o
                0x08005be4                HardFault_Handler
 .text.MemManage_Handler
                0x08005be6        0x2 build/stm32f4xx_it.o
                0x08005be6                MemManage_Handler
 .text.BusFault_Handler
                0x08005be8        0x2 build/stm32f4xx_it.o
                0x08005be8                BusFault_Handler
 .text.UsageFault_Handler
                0x08005bea        0x2 build/stm32f4xx_it.o
                0x08005bea                UsageFault_Handler
 .text.SVC_Handler
                0x08005bec        0x2 build/stm32f4xx_it.o
                0x08005bec                SVC_Handler
 .text.DebugMon_Handler
                0x08005bee        0x2 build/stm32f4xx_it.o
                0x08005bee                DebugMon_Handler
 .text.PendSV_Handler
                0x08005bf0        0x2 build/stm32f4xx_it.o
                0x08005bf0                PendSV_Handler
 .text.SysTick_Handler
                0x08005bf2        0x8 build/stm32f4xx_it.o
                0x08005bf2                SysTick_Handler
 *fill*         0x08005bfa        0x2 
 .text.DMA1_Stream0_IRQHandler
                0x08005bfc       0x10 build/stm32f4xx_it.o
                0x08005bfc                DMA1_Stream0_IRQHandler
 .text.TIM1_UP_TIM10_IRQHandler
                0x08005c0c       0x18 build/stm32f4xx_it.o
                0x08005c0c                TIM1_UP_TIM10_IRQHandler
 .text.TIM3_IRQHandler
                0x08005c24       0x10 build/stm32f4xx_it.o
                0x08005c24                TIM3_IRQHandler
 .text.RTC_Alarm_IRQHandler
                0x08005c34       0x10 build/stm32f4xx_it.o
                0x08005c34                RTC_Alarm_IRQHandler
 .text.DMA1_Stream7_IRQHandler
                0x08005c44       0x10 build/stm32f4xx_it.o
                0x08005c44                DMA1_Stream7_IRQHandler
 .text.DMA2_Stream0_IRQHandler
                0x08005c54       0x10 build/stm32f4xx_it.o
                0x08005c54                DMA2_Stream0_IRQHandler
 .text.DMA2_Stream2_IRQHandler
                0x08005c64       0x10 build/stm32f4xx_it.o
                0x08005c64                DMA2_Stream2_IRQHandler
 .text.DMA2_Stream3_IRQHandler
                0x08005c74       0x10 build/stm32f4xx_it.o
                0x08005c74                DMA2_Stream3_IRQHandler
 .text.DMA2_Stream4_IRQHandler
                0x08005c84       0x10 build/stm32f4xx_it.o
                0x08005c84                DMA2_Stream4_IRQHandler
 .text.OTG_FS_IRQHandler
                0x08005c94       0x10 build/stm32f4xx_it.o
                0x08005c94                OTG_FS_IRQHandler
 .text.DMA2_Stream7_IRQHandler
                0x08005ca4       0x10 build/stm32f4xx_it.o
                0x08005ca4                DMA2_Stream7_IRQHandler
 .text.SystemInit
                0x08005cb4       0x14 build/system_stm32f4xx.o
                0x08005cb4                SystemInit
 .text.MX_USB_DEVICE_Init
                0x08005cc8       0x54 build/usb_device.o
                0x08005cc8                MX_USB_DEVICE_Init
 .text.CDC_DeInit_FS
                0x08005d1c        0x4 build/usbd_cdc_if.o
 .text.CDC_Control_FS
                0x08005d20       0x1c build/usbd_cdc_if.o
 .text.CDC_TransmitCplt_FS
                0x08005d3c        0x4 build/usbd_cdc_if.o
 .text.CDC_Receive_FS
                0x08005d40       0x28 build/usbd_cdc_if.o
 .text.CDC_Init_FS
                0x08005d68       0x28 build/usbd_cdc_if.o
 .text.CDC_Transmit_FS
                0x08005d90       0x2c build/usbd_cdc_if.o
                0x08005d90                CDC_Transmit_FS
 .text.CDC_IsConnected
                0x08005dbc       0x2c build/usbd_cdc_if.o
                0x08005dbc                CDC_IsConnected
 .text.HAL_PCD_MspInit
                0x08005de8       0x84 build/usbd_conf.o
                0x08005de8                HAL_PCD_MspInit
 .text.HAL_PCD_SetupStageCallback
                0x08005e6c       0x10 build/usbd_conf.o
                0x08005e6c                HAL_PCD_SetupStageCallback
 .text.HAL_PCD_DataOutStageCallback
                0x08005e7c       0x18 build/usbd_conf.o
                0x08005e7c                HAL_PCD_DataOutStageCallback
 .text.HAL_PCD_DataInStageCallback
                0x08005e94       0x16 build/usbd_conf.o
                0x08005e94                HAL_PCD_DataInStageCallback
 .text.HAL_PCD_SOFCallback
                0x08005eaa        0xc build/usbd_conf.o
                0x08005eaa                HAL_PCD_SOFCallback
 .text.HAL_PCD_ResetCallback
                0x08005eb6       0x24 build/usbd_conf.o
                0x08005eb6                HAL_PCD_ResetCallback
 *fill*         0x08005eda        0x2 
 .text.HAL_PCD_SuspendCallback
                0x08005edc       0x30 build/usbd_conf.o
                0x08005edc                HAL_PCD_SuspendCallback
 .text.HAL_PCD_ResumeCallback
                0x08005f0c        0xc build/usbd_conf.o
                0x08005f0c                HAL_PCD_ResumeCallback
 .text.HAL_PCD_ISOOUTIncompleteCallback
                0x08005f18        0xc build/usbd_conf.o
                0x08005f18                HAL_PCD_ISOOUTIncompleteCallback
 .text.HAL_PCD_ISOINIncompleteCallback
                0x08005f24        0xc build/usbd_conf.o
                0x08005f24                HAL_PCD_ISOINIncompleteCallback
 .text.HAL_PCD_ConnectCallback
                0x08005f30        0xc build/usbd_conf.o
                0x08005f30                HAL_PCD_ConnectCallback
 .text.HAL_PCD_DisconnectCallback
                0x08005f3c        0xc build/usbd_conf.o
                0x08005f3c                HAL_PCD_DisconnectCallback
 .text.USBD_LL_Init
                0x08005f48       0x68 build/usbd_conf.o
                0x08005f48                USBD_LL_Init
 .text.USBD_LL_IsStallEP
                0x08005fb0       0x2e build/usbd_conf.o
                0x08005fb0                USBD_LL_IsStallEP
 .text.USBD_LL_GetRxDataSize
                0x08005fde        0xc build/usbd_conf.o
                0x08005fde                USBD_LL_GetRxDataSize
 *fill*         0x08005fea        0x2 
 .text.USBD_static_malloc
                0x08005fec        0x8 build/usbd_conf.o
                0x08005fec                USBD_static_malloc
 .text.USBD_static_free
                0x08005ff4        0x2 build/usbd_conf.o
                0x08005ff4                USBD_static_free
 .text.USBD_Get_USB_Status
                0x08005ff6       0x14 build/usbd_conf.o
                0x08005ff6                USBD_Get_USB_Status
 .text.USBD_LL_Start
                0x0800600a       0x10 build/usbd_conf.o
                0x0800600a                USBD_LL_Start
 .text.USBD_LL_OpenEP
                0x0800601a       0x16 build/usbd_conf.o
                0x0800601a                USBD_LL_OpenEP
 .text.USBD_LL_CloseEP
                0x08006030       0x10 build/usbd_conf.o
                0x08006030                USBD_LL_CloseEP
 .text.USBD_LL_StallEP
                0x08006040       0x10 build/usbd_conf.o
                0x08006040                USBD_LL_StallEP
 .text.USBD_LL_ClearStallEP
                0x08006050       0x10 build/usbd_conf.o
                0x08006050                USBD_LL_ClearStallEP
 .text.USBD_LL_SetUSBAddress
                0x08006060       0x10 build/usbd_conf.o
                0x08006060                USBD_LL_SetUSBAddress
 .text.USBD_LL_Transmit
                0x08006070       0x10 build/usbd_conf.o
                0x08006070                USBD_LL_Transmit
 .text.USBD_LL_PrepareReceive
                0x08006080       0x10 build/usbd_conf.o
                0x08006080                USBD_LL_PrepareReceive
 .text.USBD_FS_DeviceDescriptor
                0x08006090        0xc build/usbd_desc.o
                0x08006090                USBD_FS_DeviceDescriptor
 .text.USBD_FS_LangIDStrDescriptor
                0x0800609c        0xc build/usbd_desc.o
                0x0800609c                USBD_FS_LangIDStrDescriptor
 .text.IntToUnicode
                0x080060a8       0x46 build/usbd_desc.o
 *fill*         0x080060ee        0x2 
 .text.Get_SerialNum
                0x080060f0       0x38 build/usbd_desc.o
 .text.USBD_FS_SerialStrDescriptor
                0x08006128       0x14 build/usbd_desc.o
                0x08006128                USBD_FS_SerialStrDescriptor
 .text.USBD_FS_ProductStrDescriptor
                0x0800613c       0x24 build/usbd_desc.o
                0x0800613c                USBD_FS_ProductStrDescriptor
 .text.USBD_FS_ManufacturerStrDescriptor
                0x08006160       0x1c build/usbd_desc.o
                0x08006160                USBD_FS_ManufacturerStrDescriptor
 .text.USBD_FS_ConfigStrDescriptor
                0x0800617c       0x24 build/usbd_desc.o
                0x0800617c                USBD_FS_ConfigStrDescriptor
 .text.USBD_FS_InterfaceStrDescriptor
                0x080061a0       0x24 build/usbd_desc.o
                0x080061a0                USBD_FS_InterfaceStrDescriptor
 .text.Reset_Handler
                0x080061c4       0x50 build/startup_stm32f401xc.o
                0x080061c4                Reset_Handler
 .text.Default_Handler
                0x08006214        0x2 build/startup_stm32f401xc.o
                0x08006214                EXTI2_IRQHandler
                0x08006214                SPI4_IRQHandler
                0x08006214                TIM1_CC_IRQHandler
                0x08006214                DMA2_Stream5_IRQHandler
                0x08006214                DMA1_Stream5_IRQHandler
                0x08006214                PVD_IRQHandler
                0x08006214                SDIO_IRQHandler
                0x08006214                TAMP_STAMP_IRQHandler
                0x08006214                EXTI3_IRQHandler
                0x08006214                I2C3_ER_IRQHandler
                0x08006214                EXTI0_IRQHandler
                0x08006214                I2C2_EV_IRQHandler
                0x08006214                DMA1_Stream2_IRQHandler
                0x08006214                FPU_IRQHandler
                0x08006214                SPI1_IRQHandler
                0x08006214                TIM1_BRK_TIM9_IRQHandler
                0x08006214                USART6_IRQHandler
                0x08006214                TIM4_IRQHandler
                0x08006214                I2C1_EV_IRQHandler
                0x08006214                DMA1_Stream6_IRQHandler
                0x08006214                DMA1_Stream1_IRQHandler
                0x08006214                RCC_IRQHandler
                0x08006214                Default_Handler
                0x08006214                EXTI15_10_IRQHandler
                0x08006214                ADC_IRQHandler
                0x08006214                TIM5_IRQHandler
                0x08006214                I2C3_EV_IRQHandler
                0x08006214                EXTI9_5_IRQHandler
                0x08006214                RTC_WKUP_IRQHandler
                0x08006214                SPI2_IRQHandler
                0x08006214                EXTI4_IRQHandler
                0x08006214                WWDG_IRQHandler
                0x08006214                TIM2_IRQHandler
                0x08006214                OTG_FS_WKUP_IRQHandler
                0x08006214                TIM1_TRG_COM_TIM11_IRQHandler
                0x08006214                EXTI1_IRQHandler
                0x08006214                USART2_IRQHandler
                0x08006214                I2C2_ER_IRQHandler
                0x08006214                DMA2_Stream1_IRQHandler
                0x08006214                FLASH_IRQHandler
                0x08006214                USART1_IRQHandler
                0x08006214                SPI3_IRQHandler
                0x08006214                DMA1_Stream4_IRQHandler
                0x08006214                I2C1_ER_IRQHandler
                0x08006214                DMA2_Stream6_IRQHandler
                0x08006214                DMA1_Stream3_IRQHandler
 *fill*         0x08006216        0x2 
 .text.__libc_init_array
                0x08006218       0x48 c:/arm-none-eabi-gcc/bin/../lib/gcc/arm-none-eabi/10.3.1/../../../../arm-none-eabi/lib/thumb/v7e-m+fp/hard\libc.a(lib_a-init.o)
                0x08006218                __libc_init_array
 .text.memset   0x08006260       0xa4 c:/arm-none-eabi-gcc/bin/../lib/gcc/arm-none-eabi/10.3.1/../../../../arm-none-eabi/lib/thumb/v7e-m+fp/hard\libc.a(lib_a-memset.o)
                0x08006260                memset
 .text.startup.register_fini
                0x08006304       0x14 c:/arm-none-eabi-gcc/bin/../lib/gcc/arm-none-eabi/10.3.1/../../../../arm-none-eabi/lib/thumb/v7e-m+fp/hard\libc.a(lib_a-__call_atexit.o)
 .text.__libc_fini_array
                0x08006318       0x2c c:/arm-none-eabi-gcc/bin/../lib/gcc/arm-none-eabi/10.3.1/../../../../arm-none-eabi/lib/thumb/v7e-m+fp/hard\libc.a(lib_a-fini.o)
                0x08006318                __libc_fini_array
 .text.__retarget_lock_acquire_recursive
                0x08006344        0x4 c:/arm-none-eabi-gcc/bin/../lib/gcc/arm-none-eabi/10.3.1/../../../../arm-none-eabi/lib/thumb/v7e-m+fp/hard\libc.a(lib_a-lock.o)
                0x08006344                __retarget_lock_acquire_recursive
 .text.__retarget_lock_release_recursive
                0x08006348        0x4 c:/arm-none-eabi-gcc/bin/../lib/gcc/arm-none-eabi/10.3.1/../../../../arm-none-eabi/lib/thumb/v7e-m+fp/hard\libc.a(lib_a-lock.o)
                0x08006348                __retarget_lock_release_recursive
 .text.atexit   0x0800634c        0xc c:/arm-none-eabi-gcc/bin/../lib/gcc/arm-none-eabi/10.3.1/../../../../arm-none-eabi/lib/thumb/v7e-m+fp/hard\libc.a(lib_a-atexit.o)
                0x0800634c                atexit
 .text.__register_exitproc
                0x08006358       0x8c c:/arm-none-eabi-gcc/bin/../lib/gcc/arm-none-eabi/10.3.1/../../../../arm-none-eabi/lib/thumb/v7e-m+fp/hard\libc.a(lib_a-__atexit.o)
                0x08006358                __register_exitproc
 .text.__udivmoddi4
                0x080063e4      0x2d0 c:/arm-none-eabi-gcc/bin/../lib/gcc/arm-none-eabi/10.3.1/thumb/v7e-m+fp/hard\libgcc.a(_udivmoddi4.o)
                0x080063e4                __udivmoddi4
 .text.selfrel_offset31
                0x080066b4       0x14 c:/arm-none-eabi-gcc/bin/../lib/gcc/arm-none-eabi/10.3.1/thumb/v7e-m+fp/hard\libgcc.a(unwind-arm.o)
 .text.search_EIT_table
                0x080066c8       0x5c c:/arm-none-eabi-gcc/bin/../lib/gcc/arm-none-eabi/10.3.1/thumb/v7e-m+fp/hard\libgcc.a(unwind-arm.o)
 .text.__gnu_unwind_get_pr_addr
                0x08006724       0x28 c:/arm-none-eabi-gcc/bin/../lib/gcc/arm-none-eabi/10.3.1/thumb/v7e-m+fp/hard\libgcc.a(unwind-arm.o)
 .text.get_eit_entry
                0x0800674c       0x9c c:/arm-none-eabi-gcc/bin/../lib/gcc/arm-none-eabi/10.3.1/thumb/v7e-m+fp/hard\libgcc.a(unwind-arm.o)
 .text.restore_non_core_regs
                0x080067e8       0x58 c:/arm-none-eabi-gcc/bin/../lib/gcc/arm-none-eabi/10.3.1/thumb/v7e-m+fp/hard\libgcc.a(unwind-arm.o)
 .text._Unwind_decode_typeinfo_ptr.constprop.0
                0x08006840        0xc c:/arm-none-eabi-gcc/bin/../lib/gcc/arm-none-eabi/10.3.1/thumb/v7e-m+fp/hard\libgcc.a(unwind-arm.o)
 .text._Unwind_DebugHook
                0x0800684c        0x4 c:/arm-none-eabi-gcc/bin/../lib/gcc/arm-none-eabi/10.3.1/thumb/v7e-m+fp/hard\libgcc.a(unwind-arm.o)
 .text.unwind_phase2
                0x08006850       0x3c c:/arm-none-eabi-gcc/bin/../lib/gcc/arm-none-eabi/10.3.1/thumb/v7e-m+fp/hard\libgcc.a(unwind-arm.o)
 .text.unwind_phase2_forced
                0x0800688c       0xcc c:/arm-none-eabi-gcc/bin/../lib/gcc/arm-none-eabi/10.3.1/thumb/v7e-m+fp/hard\libgcc.a(unwind-arm.o)
 .text.__gnu_Unwind_RaiseException
                0x08006958       0x68 c:/arm-none-eabi-gcc/bin/../lib/gcc/arm-none-eabi/10.3.1/thumb/v7e-m+fp/hard\libgcc.a(unwind-arm.o)
                0x08006958                __gnu_Unwind_RaiseException
 .text.__gnu_Unwind_ForcedUnwind
                0x080069c0       0x10 c:/arm-none-eabi-gcc/bin/../lib/gcc/arm-none-eabi/10.3.1/thumb/v7e-m+fp/hard\libgcc.a(unwind-arm.o)
                0x080069c0                __gnu_Unwind_ForcedUnwind
 .text.__gnu_Unwind_Resume
                0x080069d0       0x44 c:/arm-none-eabi-gcc/bin/../lib/gcc/arm-none-eabi/10.3.1/thumb/v7e-m+fp/hard\libgcc.a(unwind-arm.o)
                0x080069d0                __gnu_Unwind_Resume
 .text.__gnu_Unwind_Resume_or_Rethrow
                0x08006a14       0x14 c:/arm-none-eabi-gcc/bin/../lib/gcc/arm-none-eabi/10.3.1/thumb/v7e-m+fp/hard\libgcc.a(unwind-arm.o)
                0x08006a14                __gnu_Unwind_Resume_or_Rethrow
 .text._Unwind_VRS_Get
                0x08006a28       0x30 c:/arm-none-eabi-gcc/bin/../lib/gcc/arm-none-eabi/10.3.1/thumb/v7e-m+fp/hard\libgcc.a(unwind-arm.o)
                0x08006a28                _Unwind_VRS_Get
 .text._Unwind_GetGR
                0x08006a58       0x1c c:/arm-none-eabi-gcc/bin/../lib/gcc/arm-none-eabi/10.3.1/thumb/v7e-m+fp/hard\libgcc.a(unwind-arm.o)
 .text._Unwind_VRS_Set
                0x08006a74       0x30 c:/arm-none-eabi-gcc/bin/../lib/gcc/arm-none-eabi/10.3.1/thumb/v7e-m+fp/hard\libgcc.a(unwind-arm.o)
                0x08006a74                _Unwind_VRS_Set
 .text._Unwind_SetGR
                0x08006aa4       0x18 c:/arm-none-eabi-gcc/bin/../lib/gcc/arm-none-eabi/10.3.1/thumb/v7e-m+fp/hard\libgcc.a(unwind-arm.o)
 .text.__gnu_Unwind_Backtrace
                0x08006abc       0x84 c:/arm-none-eabi-gcc/bin/../lib/gcc/arm-none-eabi/10.3.1/thumb/v7e-m+fp/hard\libgcc.a(unwind-arm.o)
                0x08006abc                __gnu_Unwind_Backtrace
 .text.__gnu_unwind_pr_common
                0x08006b40      0x2a8 c:/arm-none-eabi-gcc/bin/../lib/gcc/arm-none-eabi/10.3.1/thumb/v7e-m+fp/hard\libgcc.a(unwind-arm.o)
 .text.__aeabi_unwind_cpp_pr0
                0x08006de8        0x8 c:/arm-none-eabi-gcc/bin/../lib/gcc/arm-none-eabi/10.3.1/thumb/v7e-m+fp/hard\libgcc.a(unwind-arm.o)
                0x08006de8                __aeabi_unwind_cpp_pr0
 .text.__aeabi_unwind_cpp_pr1
                0x08006df0        0x8 c:/arm-none-eabi-gcc/bin/../lib/gcc/arm-none-eabi/10.3.1/thumb/v7e-m+fp/hard\libgcc.a(unwind-arm.o)
                0x08006df0                __aeabi_unwind_cpp_pr1
 .text.__aeabi_unwind_cpp_pr2
                0x08006df8        0x8 c:/arm-none-eabi-gcc/bin/../lib/gcc/arm-none-eabi/10.3.1/thumb/v7e-m+fp/hard\libgcc.a(unwind-arm.o)
                0x08006df8                __aeabi_unwind_cpp_pr2
 .text._Unwind_VRS_Pop
                0x08006e00      0x284 c:/arm-none-eabi-gcc/bin/../lib/gcc/arm-none-eabi/10.3.1/thumb/v7e-m+fp/hard\libgcc.a(unwind-arm.o)
                0x08006e00                _Unwind_VRS_Pop
 .text.next_unwind_byte
                0x08007084       0x38 c:/arm-none-eabi-gcc/bin/../lib/gcc/arm-none-eabi/10.3.1/thumb/v7e-m+fp/hard\libgcc.a(pr-support.o)
 .text.__gnu_unwind_execute
                0x080070bc      0x2ac c:/arm-none-eabi-gcc/bin/../lib/gcc/arm-none-eabi/10.3.1/thumb/v7e-m+fp/hard\libgcc.a(pr-support.o)
                0x080070bc                __gnu_unwind_execute
 .text.abort    0x08007368       0x10 c:/arm-none-eabi-gcc/bin/../lib/gcc/arm-none-eabi/10.3.1/../../../../arm-none-eabi/lib/thumb/v7e-m+fp/hard\libc.a(lib_a-abort.o)
                0x08007368                abort
 .text.raise    0x08007378       0x5c c:/arm-none-eabi-gcc/bin/../lib/gcc/arm-none-eabi/10.3.1/../../../../arm-none-eabi/lib/thumb/v7e-m+fp/hard\libc.a(lib_a-signal.o)
                0x08007378                raise
 .text._kill_r  0x080073d4       0x2c c:/arm-none-eabi-gcc/bin/../lib/gcc/arm-none-eabi/10.3.1/../../../../arm-none-eabi/lib/thumb/v7e-m+fp/hard\libc.a(lib_a-signalr.o)
                0x080073d4                _kill_r
 .text._getpid_r
                0x08007400        0x4 c:/arm-none-eabi-gcc/bin/../lib/gcc/arm-none-eabi/10.3.1/../../../../arm-none-eabi/lib/thumb/v7e-m+fp/hard\libc.a(lib_a-signalr.o)
                0x08007400                _getpid_r
 .text._getpid  0x08007404       0x10 c:/arm-none-eabi-gcc/bin/../lib/gcc/arm-none-eabi/10.3.1/../../../../arm-none-eabi/lib/thumb/v7e-m+fp/hard\libnosys.a(getpid.o)
                0x08007404                _getpid
 .text._kill    0x08007414       0x10 c:/arm-none-eabi-gcc/bin/../lib/gcc/arm-none-eabi/10.3.1/../../../../arm-none-eabi/lib/thumb/v7e-m+fp/hard\libnosys.a(kill.o)
                0x08007414                _kill
 .text._exit    0x08007424        0x4 c:/arm-none-eabi-gcc/bin/../lib/gcc/arm-none-eabi/10.3.1/../../../../arm-none-eabi/lib/thumb/v7e-m+fp/hard\libnosys.a(_exit.o)
                0x08007424                _exit
 *(.glue_7)
 .glue_7        0x08007428        0x0 linker stubs
 *(.glue_7t)
 .glue_7t       0x08007428        0x0 linker stubs
 *(.eh_frame)
 .eh_frame      0x08007428        0x0 c:/arm-none-eabi-gcc/bin/../lib/gcc/arm-none-eabi/10.3.1/thumb/v7e-m+fp/hard/crtbegin.o
 *(.init)
 .init          0x08007428        0x4 c:/arm-none-eabi-gcc/bin/../lib/gcc/arm-none-eabi/10.3.1/thumb/v7e-m+fp/hard/crti.o
                0x08007428                _init
 .init          0x0800742c        0x8 c:/arm-none-eabi-gcc/bin/../lib/gcc/arm-none-eabi/10.3.1/thumb/v7e-m+fp/hard/crtn.o
 *(.fini)
 .fini          0x08007434        0x4 c:/arm-none-eabi-gcc/bin/../lib/gcc/arm-none-eabi/10.3.1/thumb/v7e-m+fp/hard/crti.o
                0x08007434                _fini
 .fini          0x08007438        0x8 c:/arm-none-eabi-gcc/bin/../lib/gcc/arm-none-eabi/10.3.1/thumb/v7e-m+fp/hard/crtn.o
                0x08007440                . = ALIGN (0x4)
                0x08007440                _etext = .

.vfp11_veneer   0x08007440        0x0
 .vfp11_veneer  0x08007440        0x0 linker stubs

.v4_bx          0x08007440        0x0
 .v4_bx         0x08007440        0x0 linker stubs

.iplt           0x08007440        0x0
 .iplt          0x08007440        0x0 c:/arm-none-eabi-gcc/bin/../lib/gcc/arm-none-eabi/10.3.1/thumb/v7e-m+fp/hard/crtbegin.o

.rodata         0x08007440       0x88
                0x08007440                . = ALIGN (0x4)
 *(.rodata)
 *(.rodata*)
 .rodata._Z10user_setupv.str1.4
                0x08007440        0xe build/user.o
 *fill*         0x0800744e        0x2 
 .rodata.user_cdc_receive.str1.4
                0x08007450        0x6 build/user.o
 *fill*         0x08007456        0x2 
 .rodata.flagBitshiftOffset.0
                0x08007458        0x8 build/stm32f4xx_hal_dma.o
 .rodata.AHBPrescTable
                0x08007460       0x10 build/system_stm32f4xx.o
                0x08007460                AHBPrescTable
 .rodata.APBPrescTable
                0x08007470        0x8 build/system_stm32f4xx.o
                0x08007470                APBPrescTable
 .rodata.USBD_FS_ProductStrDescriptor.str1.4
                0x08007478       0x1d build/usbd_desc.o
 *fill*         0x08007495        0x3 
 .rodata.USBD_FS_ManufacturerStrDescriptor.str1.4
                0x08007498        0xe build/usbd_desc.o
 *fill*         0x080074a6        0x2 
 .rodata.USBD_FS_ConfigStrDescriptor.str1.4
                0x080074a8        0xb build/usbd_desc.o
 *fill*         0x080074b3        0x1 
 .rodata.USBD_FS_InterfaceStrDescriptor.str1.4
                0x080074b4        0xe build/usbd_desc.o
 *fill*         0x080074c2        0x2 
 .rodata._global_impure_ptr
                0x080074c4        0x4 c:/arm-none-eabi-gcc/bin/../lib/gcc/arm-none-eabi/10.3.1/../../../../arm-none-eabi/lib/thumb/v7e-m+fp/hard\libc.a(lib_a-impure.o)
                0x080074c4                _global_impure_ptr
                0x080074c8                . = ALIGN (0x4)

.ARM.extab      0x080074c8       0x48
 *(.ARM.extab* .gnu.linkonce.armextab.*)
 .ARM.extab.text._ZL12MX_I2C1_Initv
                0x080074c8        0xc build/main.o
 .ARM.extab.text._ZL12MX_SPI1_Initv
                0x080074d4        0xc build/main.o
 .ARM.extab.text._ZL19MX_USART1_UART_Initv
                0x080074e0        0xc build/main.o
 .ARM.extab.text.main
                0x080074ec        0xc build/main.o
 .ARM.extab.text._Z9user_mainv
                0x080074f8        0xc build/user.o
 .ARM.extab.text.abort
                0x08007504        0xc c:/arm-none-eabi-gcc/bin/../lib/gcc/arm-none-eabi/10.3.1/../../../../arm-none-eabi/lib/thumb/v7e-m+fp/hard\libc.a(lib_a-abort.o)

.ARM            0x08007510      0x158
                0x08007510                __exidx_start = .
 *(.ARM.exidx*)
 .ARM.exidx.text._ZL12MX_GPIO_Initv
                0x08007510        0x8 build/main.o
 .ARM.exidx.text._ZL11MX_DMA_Initv
                0x08007518        0x8 build/main.o
 .ARM.exidx.text.Error_Handler
                0x08007520        0x8 build/main.o
 .ARM.exidx.text._ZL12MX_ADC1_Initv
                0x08007528        0x8 build/main.o
 .ARM.exidx.text._ZL12MX_I2C1_Initv
                0x08007530        0x8 build/main.o
 .ARM.exidx.text._ZL12MX_SPI1_Initv
                0x08007538        0x8 build/main.o
 .ARM.exidx.text._ZL12MX_TIM1_Initv
                0x08007540        0x8 build/main.o
 .ARM.exidx.text._ZL12MX_TIM3_Initv
                0x08007548        0x8 build/main.o
 .ARM.exidx.text._ZL12MX_TIM9_Initv
                0x08007550        0x8 build/main.o
 .ARM.exidx.text._ZL13MX_TIM10_Initv
                0x08007558        0x8 build/main.o
 .ARM.exidx.text._ZL13MX_TIM11_Initv
                0x08007560        0x0 build/main.o
                                  0x8 (size before relaxing)
 .ARM.exidx.text._ZL11MX_RTC_Initv
                0x08007560        0x8 build/main.o
 .ARM.exidx.text._ZL19MX_USART1_UART_Initv
                0x08007568        0x8 build/main.o
 .ARM.exidx.text._Z18SystemClock_Configv
                0x08007570        0x8 build/main.o
 .ARM.exidx.text.main
                0x08007578        0x8 build/main.o
 .ARM.exidx.text._Z10user_setupv
                0x08007580        0x8 build/user.o
 .ARM.exidx.text._Z9user_mainv
                0x08007588        0x8 build/user.o
 .ARM.exidx.text.user_cdc_receive
                0x08007590       0x10 build/user.o
                                  0x8 (size before relaxing)
 .ARM.exidx.text.__libc_init_array
                0x080075a0        0x8 c:/arm-none-eabi-gcc/bin/../lib/gcc/arm-none-eabi/10.3.1/../../../../arm-none-eabi/lib/thumb/v7e-m+fp/hard\libc.a(lib_a-init.o)
 .ARM.exidx.text.memset
                0x080075a8        0x8 c:/arm-none-eabi-gcc/bin/../lib/gcc/arm-none-eabi/10.3.1/../../../../arm-none-eabi/lib/thumb/v7e-m+fp/hard\libc.a(lib_a-memset.o)
 .ARM.exidx.text.startup.register_fini
                0x080075b0        0x0 c:/arm-none-eabi-gcc/bin/../lib/gcc/arm-none-eabi/10.3.1/../../../../arm-none-eabi/lib/thumb/v7e-m+fp/hard\libc.a(lib_a-__call_atexit.o)
                                  0x8 (size before relaxing)
 .ARM.exidx.text.__libc_fini_array
                0x080075b0        0x8 c:/arm-none-eabi-gcc/bin/../lib/gcc/arm-none-eabi/10.3.1/../../../../arm-none-eabi/lib/thumb/v7e-m+fp/hard\libc.a(lib_a-fini.o)
 .ARM.exidx.text.__retarget_lock_acquire_recursive
                0x080075b8        0x8 c:/arm-none-eabi-gcc/bin/../lib/gcc/arm-none-eabi/10.3.1/../../../../arm-none-eabi/lib/thumb/v7e-m+fp/hard\libc.a(lib_a-lock.o)
 .ARM.exidx.text.__retarget_lock_release_recursive
                0x080075c0        0x0 c:/arm-none-eabi-gcc/bin/../lib/gcc/arm-none-eabi/10.3.1/../../../../arm-none-eabi/lib/thumb/v7e-m+fp/hard\libc.a(lib_a-lock.o)
                                  0x8 (size before relaxing)
 .ARM.exidx.text.atexit
                0x080075c0        0x0 c:/arm-none-eabi-gcc/bin/../lib/gcc/arm-none-eabi/10.3.1/../../../../arm-none-eabi/lib/thumb/v7e-m+fp/hard\libc.a(lib_a-atexit.o)
                                  0x8 (size before relaxing)
 .ARM.exidx.text.__register_exitproc
                0x080075c0        0x8 c:/arm-none-eabi-gcc/bin/../lib/gcc/arm-none-eabi/10.3.1/../../../../arm-none-eabi/lib/thumb/v7e-m+fp/hard\libc.a(lib_a-__atexit.o)
 .ARM.exidx.text.__udivmoddi4
                0x080075c8        0x8 c:/arm-none-eabi-gcc/bin/../lib/gcc/arm-none-eabi/10.3.1/thumb/v7e-m+fp/hard\libgcc.a(_udivmoddi4.o)
 .ARM.exidx.text.selfrel_offset31
                0x080075d0        0x0 c:/arm-none-eabi-gcc/bin/../lib/gcc/arm-none-eabi/10.3.1/thumb/v7e-m+fp/hard\libgcc.a(unwind-arm.o)
                                  0x8 (size before relaxing)
 .ARM.exidx.text.search_EIT_table
                0x080075d0        0x0 c:/arm-none-eabi-gcc/bin/../lib/gcc/arm-none-eabi/10.3.1/thumb/v7e-m+fp/hard\libgcc.a(unwind-arm.o)
                                  0x8 (size before relaxing)
 .ARM.exidx.text.__gnu_unwind_get_pr_addr
                0x080075d0        0x0 c:/arm-none-eabi-gcc/bin/../lib/gcc/arm-none-eabi/10.3.1/thumb/v7e-m+fp/hard\libgcc.a(unwind-arm.o)
                                  0x8 (size before relaxing)
 .ARM.exidx.text.get_eit_entry
                0x080075d0        0x8 c:/arm-none-eabi-gcc/bin/../lib/gcc/arm-none-eabi/10.3.1/thumb/v7e-m+fp/hard\libgcc.a(unwind-arm.o)
 .ARM.exidx.text.restore_non_core_regs
                0x080075d8        0x8 c:/arm-none-eabi-gcc/bin/../lib/gcc/arm-none-eabi/10.3.1/thumb/v7e-m+fp/hard\libgcc.a(unwind-arm.o)
 .ARM.exidx.text._Unwind_decode_typeinfo_ptr.constprop.0
                0x080075e0        0x8 c:/arm-none-eabi-gcc/bin/../lib/gcc/arm-none-eabi/10.3.1/thumb/v7e-m+fp/hard\libgcc.a(unwind-arm.o)
 .ARM.exidx.text._Unwind_DebugHook
                0x080075e8        0x0 c:/arm-none-eabi-gcc/bin/../lib/gcc/arm-none-eabi/10.3.1/thumb/v7e-m+fp/hard\libgcc.a(unwind-arm.o)
                                  0x8 (size before relaxing)
 .ARM.exidx.text.unwind_phase2
                0x080075e8        0x8 c:/arm-none-eabi-gcc/bin/../lib/gcc/arm-none-eabi/10.3.1/thumb/v7e-m+fp/hard\libgcc.a(unwind-arm.o)
 .ARM.exidx.text.unwind_phase2_forced
                0x080075f0        0x8 c:/arm-none-eabi-gcc/bin/../lib/gcc/arm-none-eabi/10.3.1/thumb/v7e-m+fp/hard\libgcc.a(unwind-arm.o)
 .ARM.exidx.text.__gnu_Unwind_RaiseException
                0x080075f8        0x8 c:/arm-none-eabi-gcc/bin/../lib/gcc/arm-none-eabi/10.3.1/thumb/v7e-m+fp/hard\libgcc.a(unwind-arm.o)
 .ARM.exidx.text.__gnu_Unwind_ForcedUnwind
                0x08007600        0x8 c:/arm-none-eabi-gcc/bin/../lib/gcc/arm-none-eabi/10.3.1/thumb/v7e-m+fp/hard\libgcc.a(unwind-arm.o)
 .ARM.exidx.text.__gnu_Unwind_Resume
                0x08007608        0x8 c:/arm-none-eabi-gcc/bin/../lib/gcc/arm-none-eabi/10.3.1/thumb/v7e-m+fp/hard\libgcc.a(unwind-arm.o)
 .ARM.exidx.text.__gnu_Unwind_Resume_or_Rethrow
                0x08007610        0x8 c:/arm-none-eabi-gcc/bin/../lib/gcc/arm-none-eabi/10.3.1/thumb/v7e-m+fp/hard\libgcc.a(unwind-arm.o)
 .ARM.exidx.text._Unwind_VRS_Get
                0x08007618        0x0 c:/arm-none-eabi-gcc/bin/../lib/gcc/arm-none-eabi/10.3.1/thumb/v7e-m+fp/hard\libgcc.a(unwind-arm.o)
                                  0x8 (size before relaxing)
 .ARM.exidx.text._Unwind_GetGR
                0x08007618        0x0 c:/arm-none-eabi-gcc/bin/../lib/gcc/arm-none-eabi/10.3.1/thumb/v7e-m+fp/hard\libgcc.a(unwind-arm.o)
                                  0x8 (size before relaxing)
 .ARM.exidx.text._Unwind_VRS_Set
                0x08007618        0x0 c:/arm-none-eabi-gcc/bin/../lib/gcc/arm-none-eabi/10.3.1/thumb/v7e-m+fp/hard\libgcc.a(unwind-arm.o)
                                  0x8 (size before relaxing)
 .ARM.exidx.text._Unwind_SetGR
                0x08007618        0x0 c:/arm-none-eabi-gcc/bin/../lib/gcc/arm-none-eabi/10.3.1/thumb/v7e-m+fp/hard\libgcc.a(unwind-arm.o)
                                  0x8 (size before relaxing)
 .ARM.exidx.text.__gnu_Unwind_Backtrace
                0x08007618        0x8 c:/arm-none-eabi-gcc/bin/../lib/gcc/arm-none-eabi/10.3.1/thumb/v7e-m+fp/hard\libgcc.a(unwind-arm.o)
 .ARM.exidx.text.__gnu_unwind_pr_common
                0x08007620        0x8 c:/arm-none-eabi-gcc/bin/../lib/gcc/arm-none-eabi/10.3.1/thumb/v7e-m+fp/hard\libgcc.a(unwind-arm.o)
 .ARM.exidx.text.__aeabi_unwind_cpp_pr0
                0x08007628        0x8 c:/arm-none-eabi-gcc/bin/../lib/gcc/arm-none-eabi/10.3.1/thumb/v7e-m+fp/hard\libgcc.a(unwind-arm.o)
 .ARM.exidx.text.__aeabi_unwind_cpp_pr1
                0x08007630        0x0 c:/arm-none-eabi-gcc/bin/../lib/gcc/arm-none-eabi/10.3.1/thumb/v7e-m+fp/hard\libgcc.a(unwind-arm.o)
                                  0x8 (size before relaxing)
 .ARM.exidx.text.__aeabi_unwind_cpp_pr2
                0x08007630        0x0 c:/arm-none-eabi-gcc/bin/../lib/gcc/arm-none-eabi/10.3.1/thumb/v7e-m+fp/hard\libgcc.a(unwind-arm.o)
                                  0x8 (size before relaxing)
 .ARM.exidx.text._Unwind_VRS_Pop
                0x08007630        0x8 c:/arm-none-eabi-gcc/bin/../lib/gcc/arm-none-eabi/10.3.1/thumb/v7e-m+fp/hard\libgcc.a(unwind-arm.o)
 .ARM.exidx.text.next_unwind_byte
                0x08007638        0x8 c:/arm-none-eabi-gcc/bin/../lib/gcc/arm-none-eabi/10.3.1/thumb/v7e-m+fp/hard\libgcc.a(pr-support.o)
 .ARM.exidx.text.__gnu_unwind_execute
                0x08007640        0x8 c:/arm-none-eabi-gcc/bin/../lib/gcc/arm-none-eabi/10.3.1/thumb/v7e-m+fp/hard\libgcc.a(pr-support.o)
 .ARM.exidx.text.abort
                0x08007648        0x8 c:/arm-none-eabi-gcc/bin/../lib/gcc/arm-none-eabi/10.3.1/../../../../arm-none-eabi/lib/thumb/v7e-m+fp/hard\libc.a(lib_a-abort.o)
 .ARM.exidx.text.raise
                0x08007650        0x8 c:/arm-none-eabi-gcc/bin/../lib/gcc/arm-none-eabi/10.3.1/../../../../arm-none-eabi/lib/thumb/v7e-m+fp/hard\libc.a(lib_a-signal.o)
 .ARM.exidx.text._kill_r
                0x08007658        0x8 c:/arm-none-eabi-gcc/bin/../lib/gcc/arm-none-eabi/10.3.1/../../../../arm-none-eabi/lib/thumb/v7e-m+fp/hard\libc.a(lib_a-signalr.o)
 .ARM.exidx.text._getpid_r
                0x08007660        0x8 c:/arm-none-eabi-gcc/bin/../lib/gcc/arm-none-eabi/10.3.1/../../../../arm-none-eabi/lib/thumb/v7e-m+fp/hard\libc.a(lib_a-signalr.o)
 .ARM.exidx.text._getpid
                0x08007668        0x0 c:/arm-none-eabi-gcc/bin/../lib/gcc/arm-none-eabi/10.3.1/../../../../arm-none-eabi/lib/thumb/v7e-m+fp/hard\libnosys.a(getpid.o)
                                  0x8 (size before relaxing)
 .ARM.exidx.text._kill
                0x08007668        0x0 c:/arm-none-eabi-gcc/bin/../lib/gcc/arm-none-eabi/10.3.1/../../../../arm-none-eabi/lib/thumb/v7e-m+fp/hard\libnosys.a(kill.o)
                                  0x8 (size before relaxing)
 .ARM.exidx.text._exit
                0x08007668        0x0 c:/arm-none-eabi-gcc/bin/../lib/gcc/arm-none-eabi/10.3.1/../../../../arm-none-eabi/lib/thumb/v7e-m+fp/hard\libnosys.a(_exit.o)
                                  0x8 (size before relaxing)
                0x08007668                __exidx_end = .

.rel.dyn        0x08007668        0x0
 .rel.iplt      0x08007668        0x0 c:/arm-none-eabi-gcc/bin/../lib/gcc/arm-none-eabi/10.3.1/thumb/v7e-m+fp/hard/crtbegin.o

.preinit_array  0x08007668        0x0
                0x08007668                PROVIDE (__preinit_array_start = .)
 *(.preinit_array*)
                0x08007668                PROVIDE (__preinit_array_end = .)

.init_array     0x08007668        0x8
                0x08007668                PROVIDE (__init_array_start = .)
 *(SORT_BY_NAME(.init_array.*))
 .init_array.00000
                0x08007668        0x4 c:/arm-none-eabi-gcc/bin/../lib/gcc/arm-none-eabi/10.3.1/../../../../arm-none-eabi/lib/thumb/v7e-m+fp/hard\libc.a(lib_a-__call_atexit.o)
 *(.init_array*)
 .init_array    0x0800766c        0x4 c:/arm-none-eabi-gcc/bin/../lib/gcc/arm-none-eabi/10.3.1/thumb/v7e-m+fp/hard/crtbegin.o
                0x08007670                PROVIDE (__init_array_end = .)

.fini_array     0x08007670        0x4
                0x08007670                PROVIDE (__fini_array_start = .)
 *(SORT_BY_NAME(.fini_array.*))
 *(.fini_array*)
 .fini_array    0x08007670        0x4 c:/arm-none-eabi-gcc/bin/../lib/gcc/arm-none-eabi/10.3.1/thumb/v7e-m+fp/hard/crtbegin.o
                0x08007674                PROVIDE (__fini_array_end = .)
                0x08007674                _sidata = LOADADDR (.data)

.data           0x20000000      0x5bc load address 0x08007674
                0x20000000                . = ALIGN (0x4)
                0x20000000                _sdata = .
 *(.data)
 *(.data*)
 .data._ZL12delay_length
                0x20000000        0x4 build/user.o
 .data.uwTickFreq
                0x20000004        0x1 build/stm32f4xx_hal.o
                0x20000004                uwTickFreq
 *fill*         0x20000005        0x3 
 .data.uwTickPrio
                0x20000008        0x4 build/stm32f4xx_hal.o
                0x20000008                uwTickPrio
 .data.USBD_CDC
                0x2000000c       0x38 build/usbd_cdc.o
                0x2000000c                USBD_CDC
 .data.USBD_CDC_CfgFSDesc
                0x20000044       0x43 build/usbd_cdc.o
 *fill*         0x20000087        0x1 
 .data.USBD_CDC_CfgHSDesc
                0x20000088       0x43 build/usbd_cdc.o
 *fill*         0x200000cb        0x1 
 .data.USBD_CDC_DeviceQualifierDesc
                0x200000cc        0xa build/usbd_cdc.o
 *fill*         0x200000d6        0x2 
 .data.USBD_CDC_OtherSpeedCfgDesc
                0x200000d8       0x43 build/usbd_cdc.o
 *fill*         0x2000011b        0x1 
 .data.SystemCoreClock
                0x2000011c        0x4 build/system_stm32f4xx.o
                0x2000011c                SystemCoreClock
 .data.USBD_Interface_fops_FS
                0x20000120       0x14 build/usbd_cdc_if.o
                0x20000120                USBD_Interface_fops_FS
 .data.dtr_detected
                0x20000134        0x1 build/usbd_cdc_if.o
                0x20000134                dtr_detected
 *fill*         0x20000135        0x3 
 .data.FS_Desc  0x20000138       0x1c build/usbd_desc.o
                0x20000138                FS_Desc
 .data.USBD_FS_DeviceDesc
                0x20000154       0x12 build/usbd_desc.o
                0x20000154                USBD_FS_DeviceDesc
 *fill*         0x20000166        0x2 
 .data.USBD_LangIDDesc
                0x20000168        0x4 build/usbd_desc.o
                0x20000168                USBD_LangIDDesc
 .data.USBD_StringSerial
                0x2000016c       0x1a build/usbd_desc.o
                0x2000016c                USBD_StringSerial
 *fill*         0x20000186        0x2 
 .data._impure_ptr
                0x20000188        0x4 c:/arm-none-eabi-gcc/bin/../lib/gcc/arm-none-eabi/10.3.1/../../../../arm-none-eabi/lib/thumb/v7e-m+fp/hard\libc.a(lib_a-impure.o)
                0x20000188                _impure_ptr
 *fill*         0x2000018c        0x4 
 .data.impure_data
                0x20000190      0x428 c:/arm-none-eabi-gcc/bin/../lib/gcc/arm-none-eabi/10.3.1/../../../../arm-none-eabi/lib/thumb/v7e-m+fp/hard\libc.a(lib_a-impure.o)
 .data.__atexit_recursive_mutex
                0x200005b8        0x4 c:/arm-none-eabi-gcc/bin/../lib/gcc/arm-none-eabi/10.3.1/../../../../arm-none-eabi/lib/thumb/v7e-m+fp/hard\libc.a(lib_a-__call_atexit.o)
                0x200005b8                __atexit_recursive_mutex
                0x200005bc                . = ALIGN (0x4)
                0x200005bc                _edata = .

.igot.plt       0x200005bc        0x0 load address 0x08007c30
 .igot.plt      0x200005bc        0x0 c:/arm-none-eabi-gcc/bin/../lib/gcc/arm-none-eabi/10.3.1/thumb/v7e-m+fp/hard/crtbegin.o
                0x200005bc                . = ALIGN (0x4)

.bss            0x200005bc     0x1304 load address 0x08007c30
                0x200005bc                _sbss = .
                0x200005bc                __bss_start__ = _sbss
 *(.bss)
 *(.bss*)
 .bss.completed.1
                0x200005bc        0x1 c:/arm-none-eabi-gcc/bin/../lib/gcc/arm-none-eabi/10.3.1/thumb/v7e-m+fp/hard/crtbegin.o
 *fill*         0x200005bd        0x3 
 .bss.object.0  0x200005c0       0x18 c:/arm-none-eabi-gcc/bin/../lib/gcc/arm-none-eabi/10.3.1/thumb/v7e-m+fp/hard/crtbegin.o
 .bss.hadc1     0x200005d8       0x48 build/main.o
                0x200005d8                hadc1
 .bss.hdma_adc1
                0x20000620       0x60 build/main.o
                0x20000620                hdma_adc1
 .bss.hdma_i2c1_rx
                0x20000680       0x60 build/main.o
                0x20000680                hdma_i2c1_rx
 .bss.hdma_i2c1_tx
                0x200006e0       0x60 build/main.o
                0x200006e0                hdma_i2c1_tx
 .bss.hdma_spi1_rx
                0x20000740       0x60 build/main.o
                0x20000740                hdma_spi1_rx
 .bss.hdma_spi1_tx
                0x200007a0       0x60 build/main.o
                0x200007a0                hdma_spi1_tx
 .bss.hdma_usart1_rx
                0x20000800       0x60 build/main.o
                0x20000800                hdma_usart1_rx
 .bss.hdma_usart1_tx
                0x20000860       0x60 build/main.o
                0x20000860                hdma_usart1_tx
 .bss.hi2c1     0x200008c0       0x54 build/main.o
                0x200008c0                hi2c1
 .bss.hrtc      0x20000914       0x20 build/main.o
                0x20000914                hrtc
 .bss.hspi1     0x20000934       0x58 build/main.o
                0x20000934                hspi1
 .bss.htim1     0x2000098c       0x48 build/main.o
                0x2000098c                htim1
 .bss.htim10    0x200009d4       0x48 build/main.o
                0x200009d4                htim10
 .bss.htim11    0x20000a1c       0x48 build/main.o
                0x20000a1c                htim11
 .bss.htim3     0x20000a64       0x48 build/main.o
                0x20000a64                htim3
 .bss.htim9     0x20000aac       0x48 build/main.o
                0x20000aac                htim9
 .bss.huart1    0x20000af4       0x44 build/main.o
                0x20000af4                huart1
 .bss.uwTick    0x20000b38        0x4 build/stm32f4xx_hal.o
                0x20000b38                uwTick
 .bss.cfgidx.0  0x20000b3c        0x1 build/usbd_ctlreq.o
 *fill*         0x20000b3d        0x3 
 .bss.hUsbDeviceFS
                0x20000b40      0x2d0 build/usb_device.o
                0x20000b40                hUsbDeviceFS
 .bss.UserRxBufferFS
                0x20000e10      0x200 build/usbd_cdc_if.o
                0x20000e10                UserRxBufferFS
 .bss.UserTxBufferFS
                0x20001010      0x200 build/usbd_cdc_if.o
                0x20001010                UserTxBufferFS
 .bss.hpcd_USB_OTG_FS
                0x20001210      0x408 build/usbd_conf.o
                0x20001210                hpcd_USB_OTG_FS
 .bss.mem.0     0x20001618      0x220 build/usbd_conf.o
 .bss.USBD_StrDesc
                0x20001838       0x80 build/usbd_desc.o
                0x20001838                USBD_StrDesc
 .bss.__lock___atexit_recursive_mutex
                0x200018b8        0x1 c:/arm-none-eabi-gcc/bin/../lib/gcc/arm-none-eabi/10.3.1/../../../../arm-none-eabi/lib/thumb/v7e-m+fp/hard\libc.a(lib_a-lock.o)
                0x200018b8                __lock___atexit_recursive_mutex
 *fill*         0x200018b9        0x3 
 .bss.errno     0x200018bc        0x4 c:/arm-none-eabi-gcc/bin/../lib/gcc/arm-none-eabi/10.3.1/../../../../arm-none-eabi/lib/thumb/v7e-m+fp/hard\libc.a(lib_a-reent.o)
                0x200018bc                errno
 *(COMMON)
                0x200018c0                . = ALIGN (0x4)
                0x200018c0                _ebss = .
                0x200018c0                __bss_end__ = _ebss

._user_heap_stack
                0x200018c0      0x600 load address 0x08007c30
                0x200018c0                . = ALIGN (0x8)
                0x200018c0                PROVIDE (end = .)
                [!provide]                PROVIDE (_end = .)
                0x20001ac0                . = (. + _Min_Heap_Size)
 *fill*         0x200018c0      0x200 
                0x20001ec0                . = (. + _Min_Stack_Size)
 *fill*         0x20001ac0      0x400 
                0x20001ec0                . = ALIGN (0x8)

/DISCARD/
 libc.a(*)
 libm.a(*)
 libgcc.a(*)

.ARM.attributes
                0x00000000       0x30
 *(.ARM.attributes)
 .ARM.attributes
                0x00000000       0x1e c:/arm-none-eabi-gcc/bin/../lib/gcc/arm-none-eabi/10.3.1/thumb/v7e-m+fp/hard/crti.o
 .ARM.attributes
                0x0000001e       0x34 c:/arm-none-eabi-gcc/bin/../lib/gcc/arm-none-eabi/10.3.1/thumb/v7e-m+fp/hard/crtbegin.o
 .ARM.attributes
                0x00000052       0x34 build/main.o
 .ARM.attributes
                0x00000086       0x34 build/user.o
 .ARM.attributes
                0x000000ba       0x34 build/stm32f4xx_hal.o
 .ARM.attributes
                0x000000ee       0x34 build/stm32f4xx_hal_adc.o
 .ARM.attributes
                0x00000122       0x34 build/stm32f4xx_hal_cortex.o
 .ARM.attributes
                0x00000156       0x34 build/stm32f4xx_hal_dma.o
 .ARM.attributes
                0x0000018a       0x34 build/stm32f4xx_hal_gpio.o
 .ARM.attributes
                0x000001be       0x34 build/stm32f4xx_hal_i2c.o
 .ARM.attributes
                0x000001f2       0x34 build/stm32f4xx_hal_pcd.o
 .ARM.attributes
                0x00000226       0x34 build/stm32f4xx_hal_pcd_ex.o
 .ARM.attributes
                0x0000025a       0x34 build/stm32f4xx_hal_rcc.o
 .ARM.attributes
                0x0000028e       0x34 build/stm32f4xx_hal_rcc_ex.o
 .ARM.attributes
                0x000002c2       0x34 build/stm32f4xx_hal_rtc.o
 .ARM.attributes
                0x000002f6       0x34 build/stm32f4xx_hal_rtc_ex.o
 .ARM.attributes
                0x0000032a       0x34 build/stm32f4xx_hal_spi.o
 .ARM.attributes
                0x0000035e       0x34 build/stm32f4xx_hal_tim.o
 .ARM.attributes
                0x00000392       0x34 build/stm32f4xx_hal_tim_ex.o
 .ARM.attributes
                0x000003c6       0x34 build/stm32f4xx_hal_uart.o
 .ARM.attributes
                0x000003fa       0x34 build/stm32f4xx_ll_gpio.o
 .ARM.attributes
                0x0000042e       0x34 build/stm32f4xx_ll_usb.o
 .ARM.attributes
                0x00000462       0x34 build/stm32f4xx_ll_utils.o
 .ARM.attributes
                0x00000496       0x34 build/usbd_cdc.o
 .ARM.attributes
                0x000004ca       0x34 build/usbd_core.o
 .ARM.attributes
                0x000004fe       0x34 build/usbd_ctlreq.o
 .ARM.attributes
                0x00000532       0x34 build/usbd_ioreq.o
 .ARM.attributes
                0x00000566       0x34 build/stm32f4xx_hal_msp.o
 .ARM.attributes
                0x0000059a       0x34 build/stm32f4xx_it.o
 .ARM.attributes
                0x000005ce       0x34 build/system_stm32f4xx.o
 .ARM.attributes
                0x00000602       0x34 build/usb_device.o
 .ARM.attributes
                0x00000636       0x34 build/usbd_cdc_if.o
 .ARM.attributes
                0x0000066a       0x34 build/usbd_conf.o
 .ARM.attributes
                0x0000069e       0x34 build/usbd_desc.o
 .ARM.attributes
                0x000006d2       0x21 build/startup_stm32f401xc.o
 .ARM.attributes
                0x000006f3       0x34 c:/arm-none-eabi-gcc/bin/../lib/gcc/arm-none-eabi/10.3.1/../../../../arm-none-eabi/lib/thumb/v7e-m+fp/hard\libc.a(lib_a-impure.o)
 .ARM.attributes
                0x00000727       0x34 c:/arm-none-eabi-gcc/bin/../lib/gcc/arm-none-eabi/10.3.1/../../../../arm-none-eabi/lib/thumb/v7e-m+fp/hard\libc.a(lib_a-init.o)
 .ARM.attributes
                0x0000075b       0x1c c:/arm-none-eabi-gcc/bin/../lib/gcc/arm-none-eabi/10.3.1/../../../../arm-none-eabi/lib/thumb/v7e-m+fp/hard\libc.a(lib_a-memcpy.o)
 .ARM.attributes
                0x00000777       0x34 c:/arm-none-eabi-gcc/bin/../lib/gcc/arm-none-eabi/10.3.1/../../../../arm-none-eabi/lib/thumb/v7e-m+fp/hard\libc.a(lib_a-memset.o)
 .ARM.attributes
                0x000007ab       0x34 c:/arm-none-eabi-gcc/bin/../lib/gcc/arm-none-eabi/10.3.1/../../../../arm-none-eabi/lib/thumb/v7e-m+fp/hard\libc.a(lib_a-__call_atexit.o)
 .ARM.attributes
                0x000007df       0x34 c:/arm-none-eabi-gcc/bin/../lib/gcc/arm-none-eabi/10.3.1/../../../../arm-none-eabi/lib/thumb/v7e-m+fp/hard\libc.a(lib_a-fini.o)
 .ARM.attributes
                0x00000813       0x34 c:/arm-none-eabi-gcc/bin/../lib/gcc/arm-none-eabi/10.3.1/../../../../arm-none-eabi/lib/thumb/v7e-m+fp/hard\libc.a(lib_a-lock.o)
 .ARM.attributes
                0x00000847       0x34 c:/arm-none-eabi-gcc/bin/../lib/gcc/arm-none-eabi/10.3.1/../../../../arm-none-eabi/lib/thumb/v7e-m+fp/hard\libc.a(lib_a-atexit.o)
 .ARM.attributes
                0x0000087b       0x34 c:/arm-none-eabi-gcc/bin/../lib/gcc/arm-none-eabi/10.3.1/../../../../arm-none-eabi/lib/thumb/v7e-m+fp/hard\libc.a(lib_a-__atexit.o)
 .ARM.attributes
                0x000008af       0x1e c:/arm-none-eabi-gcc/bin/../lib/gcc/arm-none-eabi/10.3.1/thumb/v7e-m+fp/hard\libgcc.a(_aeabi_uldivmod.o)
 .ARM.attributes
                0x000008cd       0x34 c:/arm-none-eabi-gcc/bin/../lib/gcc/arm-none-eabi/10.3.1/thumb/v7e-m+fp/hard\libgcc.a(_udivmoddi4.o)
 .ARM.attributes
                0x00000901       0x34 c:/arm-none-eabi-gcc/bin/../lib/gcc/arm-none-eabi/10.3.1/thumb/v7e-m+fp/hard\libgcc.a(unwind-arm.o)
 .ARM.attributes
                0x00000935       0x1e c:/arm-none-eabi-gcc/bin/../lib/gcc/arm-none-eabi/10.3.1/thumb/v7e-m+fp/hard\libgcc.a(libunwind.o)
 .ARM.attributes
                0x00000953       0x34 c:/arm-none-eabi-gcc/bin/../lib/gcc/arm-none-eabi/10.3.1/thumb/v7e-m+fp/hard\libgcc.a(pr-support.o)
 .ARM.attributes
                0x00000987       0x1e c:/arm-none-eabi-gcc/bin/../lib/gcc/arm-none-eabi/10.3.1/thumb/v7e-m+fp/hard\libgcc.a(_dvmd_tls.o)
 .ARM.attributes
                0x000009a5       0x34 c:/arm-none-eabi-gcc/bin/../lib/gcc/arm-none-eabi/10.3.1/../../../../arm-none-eabi/lib/thumb/v7e-m+fp/hard\libc.a(lib_a-abort.o)
 .ARM.attributes
                0x000009d9       0x34 c:/arm-none-eabi-gcc/bin/../lib/gcc/arm-none-eabi/10.3.1/../../../../arm-none-eabi/lib/thumb/v7e-m+fp/hard\libc.a(lib_a-signal.o)
 .ARM.attributes
                0x00000a0d       0x34 c:/arm-none-eabi-gcc/bin/../lib/gcc/arm-none-eabi/10.3.1/../../../../arm-none-eabi/lib/thumb/v7e-m+fp/hard\libc.a(lib_a-signalr.o)
 .ARM.attributes
                0x00000a41       0x34 c:/arm-none-eabi-gcc/bin/../lib/gcc/arm-none-eabi/10.3.1/../../../../arm-none-eabi/lib/thumb/v7e-m+fp/hard\libc.a(lib_a-reent.o)
 .ARM.attributes
                0x00000a75       0x34 c:/arm-none-eabi-gcc/bin/../lib/gcc/arm-none-eabi/10.3.1/../../../../arm-none-eabi/lib/thumb/v7e-m+fp/hard\libnosys.a(getpid.o)
 .ARM.attributes
                0x00000aa9       0x34 c:/arm-none-eabi-gcc/bin/../lib/gcc/arm-none-eabi/10.3.1/../../../../arm-none-eabi/lib/thumb/v7e-m+fp/hard\libnosys.a(kill.o)
 .ARM.attributes
                0x00000add       0x34 c:/arm-none-eabi-gcc/bin/../lib/gcc/arm-none-eabi/10.3.1/../../../../arm-none-eabi/lib/thumb/v7e-m+fp/hard\libnosys.a(_exit.o)
 .ARM.attributes
                0x00000b11       0x1e c:/arm-none-eabi-gcc/bin/../lib/gcc/arm-none-eabi/10.3.1/thumb/v7e-m+fp/hard/crtn.o
OUTPUT(build/controller.elf elf32-littlearm)
LOAD linker stubs
LOAD c:/arm-none-eabi-gcc/bin/../lib/gcc/arm-none-eabi/10.3.1/../../../../arm-none-eabi/lib/thumb/v7e-m+fp/hard\libc.a
LOAD c:/arm-none-eabi-gcc/bin/../lib/gcc/arm-none-eabi/10.3.1/../../../../arm-none-eabi/lib/thumb/v7e-m+fp/hard\libm.a
LOAD c:/arm-none-eabi-gcc/bin/../lib/gcc/arm-none-eabi/10.3.1/thumb/v7e-m+fp/hard\libgcc.a

.comment        0x00000000       0x41
 .comment       0x00000000       0x41 c:/arm-none-eabi-gcc/bin/../lib/gcc/arm-none-eabi/10.3.1/thumb/v7e-m+fp/hard/crtbegin.o
                                 0x42 (size before relaxing)
 .comment       0x00000041       0x42 build/main.o
 .comment       0x00000041       0x42 build/user.o
 .comment       0x00000041       0x42 build/stm32f4xx_hal.o
 .comment       0x00000041       0x42 build/stm32f4xx_hal_adc.o
 .comment       0x00000041       0x42 build/stm32f4xx_hal_cortex.o
 .comment       0x00000041       0x42 build/stm32f4xx_hal_dma.o
 .comment       0x00000041       0x42 build/stm32f4xx_hal_gpio.o
 .comment       0x00000041       0x42 build/stm32f4xx_hal_i2c.o
 .comment       0x00000041       0x42 build/stm32f4xx_hal_pcd.o
 .comment       0x00000041       0x42 build/stm32f4xx_hal_pcd_ex.o
 .comment       0x00000041       0x42 build/stm32f4xx_hal_rcc.o
 .comment       0x00000041       0x42 build/stm32f4xx_hal_rcc_ex.o
 .comment       0x00000041       0x42 build/stm32f4xx_hal_rtc.o
 .comment       0x00000041       0x42 build/stm32f4xx_hal_rtc_ex.o
 .comment       0x00000041       0x42 build/stm32f4xx_hal_spi.o
 .comment       0x00000041       0x42 build/stm32f4xx_hal_tim.o
 .comment       0x00000041       0x42 build/stm32f4xx_hal_tim_ex.o
 .comment       0x00000041       0x42 build/stm32f4xx_hal_uart.o
 .comment       0x00000041       0x42 build/stm32f4xx_ll_gpio.o
 .comment       0x00000041       0x42 build/stm32f4xx_ll_usb.o
 .comment       0x00000041       0x42 build/stm32f4xx_ll_utils.o
 .comment       0x00000041       0x42 build/usbd_cdc.o
 .comment       0x00000041       0x42 build/usbd_core.o
 .comment       0x00000041       0x42 build/usbd_ctlreq.o
 .comment       0x00000041       0x42 build/usbd_ioreq.o
 .comment       0x00000041       0x42 build/stm32f4xx_hal_msp.o
 .comment       0x00000041       0x42 build/stm32f4xx_it.o
 .comment       0x00000041       0x42 build/system_stm32f4xx.o
 .comment       0x00000041       0x42 build/usb_device.o
 .comment       0x00000041       0x42 build/usbd_cdc_if.o
 .comment       0x00000041       0x42 build/usbd_conf.o
 .comment       0x00000041       0x42 build/usbd_desc.o
 .comment       0x00000041       0x42 c:/arm-none-eabi-gcc/bin/../lib/gcc/arm-none-eabi/10.3.1/../../../../arm-none-eabi/lib/thumb/v7e-m+fp/hard\libc.a(lib_a-impure.o)
 .comment       0x00000041       0x42 c:/arm-none-eabi-gcc/bin/../lib/gcc/arm-none-eabi/10.3.1/../../../../arm-none-eabi/lib/thumb/v7e-m+fp/hard\libc.a(lib_a-init.o)
 .comment       0x00000041       0x42 c:/arm-none-eabi-gcc/bin/../lib/gcc/arm-none-eabi/10.3.1/../../../../arm-none-eabi/lib/thumb/v7e-m+fp/hard\libc.a(lib_a-memset.o)
 .comment       0x00000041       0x42 c:/arm-none-eabi-gcc/bin/../lib/gcc/arm-none-eabi/10.3.1/../../../../arm-none-eabi/lib/thumb/v7e-m+fp/hard\libc.a(lib_a-__call_atexit.o)
 .comment       0x00000041       0x42 c:/arm-none-eabi-gcc/bin/../lib/gcc/arm-none-eabi/10.3.1/../../../../arm-none-eabi/lib/thumb/v7e-m+fp/hard\libc.a(lib_a-fini.o)
 .comment       0x00000041       0x42 c:/arm-none-eabi-gcc/bin/../lib/gcc/arm-none-eabi/10.3.1/../../../../arm-none-eabi/lib/thumb/v7e-m+fp/hard\libc.a(lib_a-lock.o)
 .comment       0x00000041       0x42 c:/arm-none-eabi-gcc/bin/../lib/gcc/arm-none-eabi/10.3.1/../../../../arm-none-eabi/lib/thumb/v7e-m+fp/hard\libc.a(lib_a-atexit.o)
 .comment       0x00000041       0x42 c:/arm-none-eabi-gcc/bin/../lib/gcc/arm-none-eabi/10.3.1/../../../../arm-none-eabi/lib/thumb/v7e-m+fp/hard\libc.a(lib_a-__atexit.o)
 .comment       0x00000041       0x42 c:/arm-none-eabi-gcc/bin/../lib/gcc/arm-none-eabi/10.3.1/thumb/v7e-m+fp/hard\libgcc.a(_udivmoddi4.o)
 .comment       0x00000041       0x42 c:/arm-none-eabi-gcc/bin/../lib/gcc/arm-none-eabi/10.3.1/thumb/v7e-m+fp/hard\libgcc.a(unwind-arm.o)
 .comment       0x00000041       0x42 c:/arm-none-eabi-gcc/bin/../lib/gcc/arm-none-eabi/10.3.1/thumb/v7e-m+fp/hard\libgcc.a(pr-support.o)
 .comment       0x00000041       0x42 c:/arm-none-eabi-gcc/bin/../lib/gcc/arm-none-eabi/10.3.1/../../../../arm-none-eabi/lib/thumb/v7e-m+fp/hard\libc.a(lib_a-abort.o)
 .comment       0x00000041       0x42 c:/arm-none-eabi-gcc/bin/../lib/gcc/arm-none-eabi/10.3.1/../../../../arm-none-eabi/lib/thumb/v7e-m+fp/hard\libc.a(lib_a-signal.o)
 .comment       0x00000041       0x42 c:/arm-none-eabi-gcc/bin/../lib/gcc/arm-none-eabi/10.3.1/../../../../arm-none-eabi/lib/thumb/v7e-m+fp/hard\libc.a(lib_a-signalr.o)
 .comment       0x00000041       0x42 c:/arm-none-eabi-gcc/bin/../lib/gcc/arm-none-eabi/10.3.1/../../../../arm-none-eabi/lib/thumb/v7e-m+fp/hard\libc.a(lib_a-reent.o)
 .comment       0x00000041       0x42 c:/arm-none-eabi-gcc/bin/../lib/gcc/arm-none-eabi/10.3.1/../../../../arm-none-eabi/lib/thumb/v7e-m+fp/hard\libnosys.a(getpid.o)
 .comment       0x00000041       0x42 c:/arm-none-eabi-gcc/bin/../lib/gcc/arm-none-eabi/10.3.1/../../../../arm-none-eabi/lib/thumb/v7e-m+fp/hard\libnosys.a(kill.o)
 .comment       0x00000041       0x42 c:/arm-none-eabi-gcc/bin/../lib/gcc/arm-none-eabi/10.3.1/../../../../arm-none-eabi/lib/thumb/v7e-m+fp/hard\libnosys.a(_exit.o)

.debug_info     0x00000000    0x2a47f
 .debug_info    0x00000000     0x3808 build/main.o
 .debug_info    0x00003808      0xae9 build/user.o
 .debug_info    0x000042f1      0xa60 build/stm32f4xx_hal.o
 .debug_info    0x00004d51      0xfd8 build/stm32f4xx_hal_adc.o
 .debug_info    0x00005d29     0x10de build/stm32f4xx_hal_cortex.o
 .debug_info    0x00006e07      0xbc9 build/stm32f4xx_hal_dma.o
 .debug_info    0x000079d0      0x872 build/stm32f4xx_hal_gpio.o
 .debug_info    0x00008242     0x3b0e build/stm32f4xx_hal_i2c.o
 .debug_info    0x0000bd50     0x1b80 build/stm32f4xx_hal_pcd.o
 .debug_info    0x0000d8d0      0x785 build/stm32f4xx_hal_pcd_ex.o
 .debug_info    0x0000e055      0xc13 build/stm32f4xx_hal_rcc.o
 .debug_info    0x0000ec68      0x73a build/stm32f4xx_hal_rcc_ex.o
 .debug_info    0x0000f3a2     0x111e build/stm32f4xx_hal_rtc.o
 .debug_info    0x000104c0     0x1362 build/stm32f4xx_hal_rtc_ex.o
 .debug_info    0x00011822     0x200d build/stm32f4xx_hal_spi.o
 .debug_info    0x0001382f     0x3e0b build/stm32f4xx_hal_tim.o
 .debug_info    0x0001763a     0x1bba build/stm32f4xx_hal_tim_ex.o
 .debug_info    0x000191f4     0x1e81 build/stm32f4xx_hal_uart.o
 .debug_info    0x0001b075      0xc6b build/stm32f4xx_ll_gpio.o
 .debug_info    0x0001bce0     0x2074 build/stm32f4xx_ll_usb.o
 .debug_info    0x0001dd54      0xd69 build/stm32f4xx_ll_utils.o
 .debug_info    0x0001eabd     0x1567 build/usbd_cdc.o
 .debug_info    0x00020024      0xf5e build/usbd_core.o
 .debug_info    0x00020f82     0x13e7 build/usbd_ctlreq.o
 .debug_info    0x00022369      0x942 build/usbd_ioreq.o
 .debug_info    0x00022cab     0x2477 build/stm32f4xx_hal_msp.o
 .debug_info    0x00025122     0x1331 build/stm32f4xx_it.o
 .debug_info    0x00026453      0x5e5 build/system_stm32f4xx.o
 .debug_info    0x00026a38      0x813 build/usb_device.o
 .debug_info    0x0002724b      0xad4 build/usbd_cdc_if.o
 .debug_info    0x00027d1f     0x20cf build/usbd_conf.o
 .debug_info    0x00029dee      0x66f build/usbd_desc.o
 .debug_info    0x0002a45d       0x22 build/startup_stm32f401xc.o

.debug_abbrev   0x00000000     0x515d
 .debug_abbrev  0x00000000      0x3ec build/main.o
 .debug_abbrev  0x000003ec      0x325 build/user.o
 .debug_abbrev  0x00000711      0x23a build/stm32f4xx_hal.o
 .debug_abbrev  0x0000094b      0x252 build/stm32f4xx_hal_adc.o
 .debug_abbrev  0x00000b9d      0x382 build/stm32f4xx_hal_cortex.o
 .debug_abbrev  0x00000f1f      0x2bf build/stm32f4xx_hal_dma.o
 .debug_abbrev  0x000011de      0x22b build/stm32f4xx_hal_gpio.o
 .debug_abbrev  0x00001409      0x304 build/stm32f4xx_hal_i2c.o
 .debug_abbrev  0x0000170d      0x2c2 build/stm32f4xx_hal_pcd.o
 .debug_abbrev  0x000019cf      0x1c5 build/stm32f4xx_hal_pcd_ex.o
 .debug_abbrev  0x00001b94      0x2aa build/stm32f4xx_hal_rcc.o
 .debug_abbrev  0x00001e3e      0x1a1 build/stm32f4xx_hal_rcc_ex.o
 .debug_abbrev  0x00001fdf      0x24f build/stm32f4xx_hal_rtc.o
 .debug_abbrev  0x0000222e      0x263 build/stm32f4xx_hal_rtc_ex.o
 .debug_abbrev  0x00002491      0x2a6 build/stm32f4xx_hal_spi.o
 .debug_abbrev  0x00002737      0x293 build/stm32f4xx_hal_tim.o
 .debug_abbrev  0x000029ca      0x2a9 build/stm32f4xx_hal_tim_ex.o
 .debug_abbrev  0x00002c73      0x2de build/stm32f4xx_hal_uart.o
 .debug_abbrev  0x00002f51      0x270 build/stm32f4xx_ll_gpio.o
 .debug_abbrev  0x000031c1      0x2f9 build/stm32f4xx_ll_usb.o
 .debug_abbrev  0x000034ba      0x2d0 build/stm32f4xx_ll_utils.o
 .debug_abbrev  0x0000378a      0x311 build/usbd_cdc.o
 .debug_abbrev  0x00003a9b      0x296 build/usbd_core.o
 .debug_abbrev  0x00003d31      0x381 build/usbd_ctlreq.o
 .debug_abbrev  0x000040b2      0x19f build/usbd_ioreq.o
 .debug_abbrev  0x00004251      0x246 build/stm32f4xx_hal_msp.o
 .debug_abbrev  0x00004497      0x1f3 build/stm32f4xx_it.o
 .debug_abbrev  0x0000468a      0x11b build/system_stm32f4xx.o
 .debug_abbrev  0x000047a5      0x1b1 build/usb_device.o
 .debug_abbrev  0x00004956      0x312 build/usbd_cdc_if.o
 .debug_abbrev  0x00004c68      0x2e9 build/usbd_conf.o
 .debug_abbrev  0x00004f51      0x1fa build/usbd_desc.o
 .debug_abbrev  0x0000514b       0x12 build/startup_stm32f401xc.o

.debug_loc      0x00000000    0x20abd
 .debug_loc     0x00000000      0x404 build/main.o
 .debug_loc     0x00000404      0x131 build/user.o
 .debug_loc     0x00000535      0x1e1 build/stm32f4xx_hal.o
 .debug_loc     0x00000716      0xd76 build/stm32f4xx_hal_adc.o
 .debug_loc     0x0000148c      0x7a4 build/stm32f4xx_hal_cortex.o
 .debug_loc     0x00001c30      0xd6d build/stm32f4xx_hal_dma.o
 .debug_loc     0x0000299d      0x5e8 build/stm32f4xx_hal_gpio.o
 .debug_loc     0x00002f85     0x4d58 build/stm32f4xx_hal_i2c.o
 .debug_loc     0x00007cdd     0x1539 build/stm32f4xx_hal_pcd.o